GPU 0: NVIDIA RTX PRO 6000 Blackwell Server Edition (UUID: GPU-7d708c42-8d4a-16d5-0746-474567157aa3)
[2026-09-30T14:20:41Z INFO  flyt_node_manager::virt_server_manager] message path: /tmp/flyt-servernode-queue, key: 1115496003 id: 0 proj_id: 66
[2026-09-30T14:20:41Z INFO  flyt_node_manager] Connected to resource manager
[2026-09-30T14:20:41Z INFO  flyt_node_manager::resource_manager_handler] Got send gpu info command
[2026-09-30T14:21:28Z INFO  flyt_node_manager::resource_manager_handler] Got allocate virt server command
[2026-09-30T14:21:28Z INFO  flyt_node_manager::resource_manager_handler] Allocating virt server: gpu_id: 0, num_cores: 188, memory: 4294967296
[2026-09-30T14:21:28Z INFO  flyt_node_manager::virt_server_manager] Starting virt server with rpc_id: 1
[2026-09-30T14:21:28Z INFO  flyt_node_manager::virt_server_manager] Executing command: CUDA_MPS_ENABLE_PER_CTX_DEVICE_MULTIPROCESSOR_PARTITIONING="1" CUDA_VISIBLE_DEVICES="0" "/opt/flyt/bin/cricket-rpc-server" "1" "0" "188" "4294967296" "0"
prg 99 cricker 1 gpu 0 sm 188 mem 4294967296 mode 0
welcome to cricket!
Initialize Metrics called
+00:00:00.000048 [34mINFO[0m:	using TCP...
+00:00:00.001101 [34mINFO[0m:	listening on port 49361
+00:00:00.001253 [34mINFO[0m: initializing server_runtime.	in [4mcpu-server.c:382[0m
+00:00:00.130040 [34mINFO[0m: initializing server_runtime.	in [4mcpu-server.c:388[0m
+00:00:00.130053 [34mINFO[0m: initializing server_runtime.	in [4mcpu-server.c:394[0m
+00:00:00.130057 [34mINFO[0m: initializing server_runtime.	in [4mcpu-server.c:400[0m
+00:00:00.130063 [34mINFO[0m: initializing server_runtime.	in [4mcpu-server.c:422[0m
+00:00:00.130067 [1m[31mERROR[0m:	send_type = 4294967296

+00:00:00.130310 [34mINFO[0m: GPU affinitySupport: 1	in [4mcpu-server-resource-controller.c:82[0m
+00:00:00.218200 [34mINFO[0m: get_next_client resource mgt_get_element returned NULL 	in [4mcpu-server-client-mgr.c:394[0m
+00:00:00.218216 [34mINFO[0m: get_next_client resource mgt_get_element returned NULL 	in [4mcpu-server-client-mgr.c:394[0m
+00:00:00.218220 [34mINFO[0m: Changed SM cores to 188	in [4mcpu-server-resource-controller.c:105[0m
+00:00:00.256247 [34mINFO[0m: initializing server_runtime.	in [4mcpu-server.c:429[0m
+00:00:00.256280 [34mINFO[0m: initializing server_runtime.	in [4mcpu-server.c:437[0m
+00:00:00.256289 [34mINFO[0m:	waiting for RPC requests...
[2026-09-30T14:21:29Z INFO  flyt_node_manager::virt_server_manager] Virt server initialized with rpc_id: 1
[2026-09-30T14:21:29Z INFO  flyt_node_manager::resource_manager_handler] Virt server created: 1
cricket-rpc-server: unexpected event in svc_run
: No such file or directory
+00:00:00.256303 [34mINFO[0m: mqueue_id = 0 type 4294967296 data 3355443200
	in [4mcpu-server-mgr-listener.c:172[0m
set mode = 50
eventfd created 65
get mode = 50
+00:00:00.270304 [34mINFO[0m:	RPC init requested 66
+00:00:00.270400 [34mINFO[0m: added client for pid 2209
	in [4mcpu-server-client-mgr.c:141[0m
+00:00:00.274176 [34mINFO[0m: cudaMalloc 0x77059da00000: size: 0x200000
	in [4mcpu-server-dev-mem.c:136[0m
+00:00:00.275482 [34mINFO[0m: cudaMalloc 0x77059dc00000: size: 0x200000
	in [4mcpu-server-dev-mem.c:136[0m
+00:00:20.340011 [34mINFO[0m: cudaMalloc 0x77059da00000: size: 0x200000
	in [4mcpu-server-dev-mem.c:136[0m
+00:00:20.341695 [34mINFO[0m: cudaMalloc 0x77059dc00000: size: 0x200000
	in [4mcpu-server-dev-mem.c:136[0m
+00:00:40.373790 [34mINFO[0m: cudaMalloc 0x77059da00000: size: 0x200000
	in [4mcpu-server-dev-mem.c:136[0m
+00:00:40.374724 [34mINFO[0m: cudaMalloc 0x77059dc00000: size: 0x200000
	in [4mcpu-server-dev-mem.c:136[0m
+00:01:00.391471 [34mINFO[0m: cudaMalloc 0x77059da00000: size: 0x200000
	in [4mcpu-server-dev-mem.c:136[0m
+00:01:00.393168 [34mINFO[0m: cudaMalloc 0x77059dc00000: size: 0x200000
	in [4mcpu-server-dev-mem.c:136[0m
+00:01:20.456299 [34mINFO[0m: cudaMalloc 0x7705a2c00000: size: 0x1000000
	in [4mcpu-server-dev-mem.c:136[0m
+00:01:20.457758 [34mINFO[0m: cudaMalloc 0x7705a4600000: size: 0x1000000
	in [4mcpu-server-dev-mem.c:136[0m
+00:01:40.547691 [34mINFO[0m: cudaMalloc 0x77059da00000: size: 0x200000
	in [4mcpu-server-dev-mem.c:136[0m
+00:01:40.548660 [34mINFO[0m: cudaMalloc 0x77059dc00000: size: 0x200000
	in [4mcpu-server-dev-mem.c:136[0m
+00:02:20.603246 [34mINFO[0m: cudaMalloc 0x77059da00000: size: 0x200000
	in [4mcpu-server-dev-mem.c:136[0m
+00:02:20.604494 [34mINFO[0m: cudaMalloc 0x77059dc00000: size: 0x200000
	in [4mcpu-server-dev-mem.c:136[0m
+00:03:00.638151 [34mINFO[0m:	RPC deinit requested.
+00:03:00.638232 [34mINFO[0m: Client with xp_fd 66 being removed	in [4mcpu-server-client-mgr.c:306[0m
+00:03:00.638241 [34mINFO[0m: removing client ptr from 2209 
	in [4mcpu-server-client-mgr.c:233[0m
