GPU 0: NVIDIA RTX PRO 6000 Blackwell Server Edition (UUID: GPU-7d708c42-8d4a-16d5-0746-474567157aa3)
[2026-09-28T16:28:58Z INFO  flyt_node_manager::virt_server_manager] message path: /tmp/flyt-servernode-queue, key: 1123354009 id: 0 proj_id: 66
[2026-09-28T16:28:58Z INFO  flyt_node_manager] Connected to resource manager
[2026-09-28T16:28:58Z INFO  flyt_node_manager::resource_manager_handler] Got send gpu info command
[2026-09-28T16:29:39Z INFO  flyt_node_manager::resource_manager_handler] Got allocate virt server command
[2026-09-28T16:29:39Z INFO  flyt_node_manager::resource_manager_handler] Allocating virt server: gpu_id: 0, num_cores: 188, memory: 4294967296
[2026-09-28T16:29:39Z INFO  flyt_node_manager::virt_server_manager] Starting virt server with rpc_id: 1
[2026-09-28T16:29:39Z INFO  flyt_node_manager::virt_server_manager] Executing command: CUDA_MPS_ENABLE_PER_CTX_DEVICE_MULTIPROCESSOR_PARTITIONING="1" CUDA_VISIBLE_DEVICES="0" "/opt/flyt/bin/cricket-rpc-server" "1" "0" "188" "4294967296" "0"
prg 99 cricker 1 gpu 0 sm 188 mem 4294967296 mode 0
welcome to cricket!
Initialize Metrics called
+00:00:00.000040 [34mINFO[0m:	using TCP...
+00:00:00.000922 [34mINFO[0m:	listening on port 61158
+00:00:00.001074 [34mINFO[0m: initializing server_runtime.	in [4mcpu-server.c:382[0m
+00:00:00.159604 [34mINFO[0m: initializing server_runtime.	in [4mcpu-server.c:388[0m
+00:00:00.159620 [34mINFO[0m: initializing server_runtime.	in [4mcpu-server.c:394[0m
+00:00:00.159623 [34mINFO[0m: initializing server_runtime.	in [4mcpu-server.c:400[0m
+00:00:00.159628 [34mINFO[0m: initializing server_runtime.	in [4mcpu-server.c:422[0m
+00:00:00.159631 [1m[31mERROR[0m:	send_type = 4294967296

+00:00:00.159861 [34mINFO[0m: GPU affinitySupport: 1	in [4mcpu-server-resource-controller.c:82[0m
+00:00:00.245999 [34mINFO[0m: get_next_client resource mgt_get_element returned NULL 	in [4mcpu-server-client-mgr.c:394[0m
+00:00:00.246015 [34mINFO[0m: get_next_client resource mgt_get_element returned NULL 	in [4mcpu-server-client-mgr.c:394[0m
+00:00:00.246018 [34mINFO[0m: Changed SM cores to 188	in [4mcpu-server-resource-controller.c:105[0m
+00:00:00.285723 [34mINFO[0m: initializing server_runtime.	in [4mcpu-server.c:429[0m
+00:00:00.285756 [34mINFO[0m: initializing server_runtime.	in [4mcpu-server.c:437[0m
+00:00:00.285763 [34mINFO[0m:	waiting for RPC requests...
[2026-09-28T16:29:39Z INFO  flyt_node_manager::virt_server_manager] Virt server initialized with rpc_id: 1
[2026-09-28T16:29:39Z INFO  flyt_node_manager::resource_manager_handler] Virt server created: 1
cricket-rpc-server: unexpected event in svc_run
: No such file or directory
+00:00:00.285778 [34mINFO[0m: mqueue_id = 0 type 4294967296 data 3355443200
	in [4mcpu-server-mgr-listener.c:172[0m
set mode = 50
eventfd created 65
get mode = 50
+00:00:00.297546 [34mINFO[0m:	RPC init requested 66
+00:00:00.297644 [34mINFO[0m: added client for pid 1824
	in [4mcpu-server-client-mgr.c:141[0m
+00:00:00.300978 [34mINFO[0m: cudaMalloc 0x7c6d45a00000: size: 0x200000
	in [4mcpu-server-dev-mem.c:136[0m
+00:00:00.302194 [34mINFO[0m: cudaMalloc 0x7c6d45c00000: size: 0x200000
	in [4mcpu-server-dev-mem.c:136[0m
+00:00:01.354730 [34mINFO[0m: cudaMalloc 0x7c6d45a00000: size: 0x200000
	in [4mcpu-server-dev-mem.c:136[0m
+00:00:01.356278 [34mINFO[0m: cudaMalloc 0x7c6d45c00000: size: 0x200000
	in [4mcpu-server-dev-mem.c:136[0m
+00:00:02.476107 [34mINFO[0m: cudaMalloc 0x7c6d45a00000: size: 0x200000
	in [4mcpu-server-dev-mem.c:136[0m
+00:00:02.477370 [34mINFO[0m: cudaMalloc 0x7c6d45c00000: size: 0x200000
	in [4mcpu-server-dev-mem.c:136[0m
+00:00:03.704929 [34mINFO[0m: cudaMalloc 0x7c6d45a00000: size: 0x200000
	in [4mcpu-server-dev-mem.c:136[0m
+00:00:03.706566 [34mINFO[0m: cudaMalloc 0x7c6d45c00000: size: 0x200000
	in [4mcpu-server-dev-mem.c:136[0m
+00:00:04.967975 [34mINFO[0m: cudaMalloc 0x7c6d45a00000: size: 0x400000
	in [4mcpu-server-dev-mem.c:136[0m
+00:00:04.969087 [34mINFO[0m: cudaMalloc 0x7c6d4ac00000: size: 0x400000
	in [4mcpu-server-dev-mem.c:136[0m
+00:00:06.619654 [34mINFO[0m: cudaMalloc 0x7c6d45a00000: size: 0x200000
	in [4mcpu-server-dev-mem.c:136[0m
+00:00:06.620978 [34mINFO[0m: cudaMalloc 0x7c6d45c00000: size: 0x200000
	in [4mcpu-server-dev-mem.c:136[0m
+00:00:07.746353 [34mINFO[0m: cudaMalloc 0x7c6d45a00000: size: 0x200000
	in [4mcpu-server-dev-mem.c:136[0m
+00:00:07.748010 [34mINFO[0m: cudaMalloc 0x7c6d45c00000: size: 0x200000
	in [4mcpu-server-dev-mem.c:136[0m
+00:00:09.187762 [34mINFO[0m:	RPC deinit requested.
+00:00:09.187830 [34mINFO[0m: Client with xp_fd 66 being removed	in [4mcpu-server-client-mgr.c:306[0m
+00:00:09.187839 [34mINFO[0m: removing client ptr from 1824 
	in [4mcpu-server-client-mgr.c:233[0m
