SESSION_START r4-N 1790617062.4915383
{"run_id": "evidence-perf-4-n", "event": "PREPARE", "utc_seconds": 1790617062.5572503, "backend": "native-hami-disabled", "compute": 100}
{"run_id": "evidence-perf-4-n", "event": "PREPARED", "utc_seconds": 1790617065.166641}
r4-N {"event":"CONDITION","mode":"query","bytes":1048576,"duration_s":30,"warmup_min_s":10,"iterations":64,"free_bytes":3716153344,"total_bytes":4294967296}
r4-N {"event":"WARMUP_START","utc":1790617065.930880785,"elapsed":0.000000000,"completed":0}
r4-N {"event":"WARMUP_END","utc":1790617075.930901766,"elapsed":10.000000225,"completed":1230076}
r4-N {"event":"MEASUREMENT_START","utc":1790617075.930953026,"elapsed":0.000000000,"completed":0}
r4-N {"event":"MEASUREMENT_END","utc":1790617105.930959225,"elapsed":30.000002598,"completed":4525241}
r4-N {"event":"RESULT","status":"PASS","mode":"query","bytes":1048576,"completed":4525241,"elapsed_s":30.000002598,"operations_per_s":150841.353604186,"checked_elements":262144,"mismatches":0}
r4-N {"event":"CONDITION","mode":"kernel","bytes":1048576,"duration_s":30,"warmup_min_s":10,"iterations":1,"free_bytes":3716153344,"total_bytes":4294967296}
r4-N {"event":"WARMUP_START","utc":1790617107.074975729,"elapsed":0.000000000,"completed":0}
r4-N {"event":"WARMUP_END","utc":1790617117.074988842,"elapsed":10.000007884,"completed":1267532}
r4-N {"event":"MEASUREMENT_START","utc":1790617117.075009823,"elapsed":0.000000000,"completed":0}
r4-N {"event":"MEASUREMENT_END","utc":1790617147.075016022,"elapsed":30.000004301,"completed":3796997}
r4-N {"event":"RESULT","status":"PASS","mode":"kernel","bytes":1048576,"completed":3796997,"elapsed_s":30.000004301,"operations_per_s":126566.548521394,"checked_elements":262144,"mismatches":0}
r4-N {"event":"CONDITION","mode":"copy","bytes":4096,"duration_s":30,"warmup_min_s":10,"iterations":64,"free_bytes":3718242304,"total_bytes":4294967296}
r4-N {"event":"WARMUP_START","utc":1790617148.138906479,"elapsed":0.000000000,"completed":0}
r4-N {"event":"WARMUP_END","utc":1790617158.138918877,"elapsed":10.000007799,"completed":683326}
r4-N {"event":"MEASUREMENT_START","utc":1790617158.138942003,"elapsed":0.000000000,"completed":0}
r4-N {"event":"MEASUREMENT_END","utc":1790617188.138948441,"elapsed":30.000004261,"completed":2048127}
r4-N {"event":"RESULT","status":"PASS","mode":"copy","bytes":4096,"completed":2048127,"elapsed_s":30.000004261,"operations_per_s":68270.890303181,"checked_elements":1024,"mismatches":0}
r4-N {"event":"CONDITION","mode":"copy","bytes":4194304,"duration_s":30,"warmup_min_s":10,"iterations":64,"free_bytes":3709861888,"total_bytes":4294967296}
r4-N {"event":"WARMUP_START","utc":1790617188.706202984,"elapsed":0.000000000,"completed":0}
r4-N {"event":"WARMUP_END","utc":1790617198.706349373,"elapsed":10.000141566,"completed":21411}
r4-N {"event":"MEASUREMENT_START","utc":1790617198.706370354,"elapsed":0.000000000,"completed":0}
r4-N {"event":"MEASUREMENT_END","utc":1790617228.706721306,"elapsed":30.000348432,"completed":64215}
r4-N {"event":"RESULT","status":"PASS","mode":"copy","bytes":4194304,"completed":64215,"elapsed_s":30.000348432,"operations_per_s":2140.475139658,"checked_elements":1048576,"mismatches":0}
r4-N {"event":"CONDITION","mode":"resident","bytes":2097152,"duration_s":60,"warmup_min_s":10,"iterations":64,"free_bytes":3714056192,"total_bytes":4294967296}
r4-N {"event":"WARMUP_START","utc":1790617228.728840828,"elapsed":0.000000000,"completed":0}
r4-N {"event":"WARMUP_END","utc":1790617238.728846788,"elapsed":10.000001106,"completed":1133183}
r4-N {"event":"MEASUREMENT_START","utc":1790617238.728871107,"elapsed":0.000000000,"completed":0}
r4-N {"event":"MEASUREMENT_END","utc":1790617298.728880167,"elapsed":60.000006775,"completed":6826200}
r4-N {"event":"RESULT","status":"PASS","mode":"resident","bytes":2097152,"completed":6826200,"elapsed_s":60.000006775,"operations_per_s":113769.987153430,"checked_elements":524288,"mismatches":0}
r4-N {"event":"CONDITION","mode":"transfer","bytes":2097152,"duration_s":60,"warmup_min_s":10,"iterations":64,"free_bytes":3714056192,"total_bytes":4294967296}
r4-N {"event":"WARMUP_START","utc":1790617300.582399368,"elapsed":0.000000000,"completed":0}
r4-N {"event":"WARMUP_END","utc":1790617310.582468987,"elapsed":10.000063559,"completed":38575}
r4-N {"event":"MEASUREMENT_START","utc":1790617310.582488775,"elapsed":0.000000000,"completed":0}
r4-N {"event":"MEASUREMENT_END","utc":1790617370.582678795,"elapsed":60.000187647,"completed":231541}
r4-N {"event":"RESULT","status":"PASS","mode":"transfer","bytes":2097152,"completed":231541,"elapsed_s":60.000187647,"operations_per_s":3859.004597826,"checked_elements":524288,"mismatches":0}
{"run_id": "evidence-perf-4-n", "event": "RELEASED", "utc_seconds": 1790617389.7630801}
Traceback (most recent call last):
  File "/home/ubuntu/taeuk/flyt-k8s-poc-github/experiments/evidence/run_overhead.py", line 81, in <module>
    with f.open('rb') as src,(out/(f.name+'.gz')).open('wb') as raw,gzip.GzipFile(fileobj=raw,mode='wb',mtime=0,compresslevel=6) as gz:shutil.copyfileobj(src,gz)
                                                                                                                                       ^^^^^^^^^^^^^^^^^^^^^^^^^^
  File "/usr/lib/python3.12/shutil.py", line 204, in copyfileobj
    fdst_write(buf)
  File "/usr/lib/python3.12/gzip.py", line 300, in write
    return self._buffer.write(data)
           ^^^^^^^^^^^^^^^^^^^^^^^^
  File "/usr/lib/python3.12/gzip.py", line 130, in write
    return self.gzip_file._write_raw(data)
           ^^^^^^^^^^^^^^^^^^^^^^^^^^^^^^^
  File "/usr/lib/python3.12/gzip.py", line 312, in _write_raw
    self.fileobj.write(self.compress.compress(data))
                       ^^^^^^^^^^^^^^^^^^^^^^^^^^^^
KeyboardInterrupt
