SESSION_START r1-N 1790613001.799129
{"run_id": "evidence-perf-1-n", "event": "PREPARE", "utc_seconds": 1790613001.8686564, "backend": "native-hami-disabled", "compute": 100}
{"run_id": "evidence-perf-1-n", "event": "PREPARED", "utc_seconds": 1790613004.5133514}
r1-N {"event":"CONDITION","mode":"query","bytes":1048576,"duration_s":30,"warmup_min_s":10,"iterations":64,"free_bytes":3716153344,"total_bytes":4294967296}
r1-N {"event":"WARMUP_START","utc":1790613005.256092787,"elapsed":0.000000000,"completed":0}
r1-N {"event":"WARMUP_END","utc":1790613015.256112337,"elapsed":10.000005125,"completed":1224702}
r1-N {"event":"MEASUREMENT_START","utc":1790613015.256163359,"elapsed":0.000000000,"completed":0}
r1-N {"event":"MEASUREMENT_END","utc":1790613045.256168842,"elapsed":30.000002373,"completed":6311452}
r1-N {"event":"RESULT","status":"PASS","mode":"query","bytes":1048576,"completed":6311452,"elapsed_s":30.000002373,"operations_per_s":210381.716692070,"checked_elements":262144,"mismatches":0}
r1-N {"event":"CONDITION","mode":"kernel","bytes":1048576,"duration_s":30,"warmup_min_s":10,"iterations":1,"free_bytes":3716153344,"total_bytes":4294967296}
r1-N {"event":"WARMUP_START","utc":1790613046.858960390,"elapsed":0.000000000,"completed":0}
r1-N {"event":"WARMUP_END","utc":1790613056.858966112,"elapsed":10.000000659,"completed":1261649}
r1-N {"event":"MEASUREMENT_START","utc":1790613056.858984709,"elapsed":0.000000000,"completed":0}
r1-N {"event":"MEASUREMENT_END","utc":1790613086.858990431,"elapsed":30.000003822,"completed":3779291}
r1-N {"event":"RESULT","status":"PASS","mode":"kernel","bytes":1048576,"completed":3779291,"elapsed_s":30.000003822,"operations_per_s":125976.350617148,"checked_elements":262144,"mismatches":0}
r1-N {"event":"CONDITION","mode":"copy","bytes":4096,"duration_s":30,"warmup_min_s":10,"iterations":64,"free_bytes":3718242304,"total_bytes":4294967296}
r1-N {"event":"WARMUP_START","utc":1790613087.962270021,"elapsed":0.000000000,"completed":0}
r1-N {"event":"WARMUP_END","utc":1790613097.962282896,"elapsed":10.000006618,"completed":673613}
r1-N {"event":"MEASUREMENT_START","utc":1790613097.962300062,"elapsed":0.000000000,"completed":0}
r1-N {"event":"MEASUREMENT_END","utc":1790613127.962306738,"elapsed":30.000004645,"completed":2019923}
r1-N {"event":"RESULT","status":"PASS","mode":"copy","bytes":4096,"completed":2019923,"elapsed_s":30.000004645,"operations_per_s":67330.756241424,"checked_elements":1024,"mismatches":0}
r1-N {"event":"CONDITION","mode":"copy","bytes":262144,"duration_s":30,"warmup_min_s":10,"iterations":64,"free_bytes":3717726208,"total_bytes":4294967296}
r1-N {"event":"WARMUP_START","utc":1790613128.519880295,"elapsed":0.000000000,"completed":0}
r1-N {"event":"WARMUP_END","utc":1790613138.519905806,"elapsed":10.000020690,"completed":198545}
r1-N {"event":"MEASUREMENT_START","utc":1790613138.519922972,"elapsed":0.000000000,"completed":0}
r1-N {"event":"MEASUREMENT_END","utc":1790613168.519930840,"elapsed":30.000005743,"completed":595048}
r1-N {"event":"RESULT","status":"PASS","mode":"copy","bytes":262144,"completed":595048,"elapsed_s":30.000005743,"operations_per_s":19834.929536266,"checked_elements":65536,"mismatches":0}
r1-N {"event":"CONDITION","mode":"copy","bytes":4194304,"duration_s":30,"warmup_min_s":10,"iterations":64,"free_bytes":3709861888,"total_bytes":4294967296}
r1-N {"event":"WARMUP_START","utc":1790613168.691421509,"elapsed":0.000000000,"completed":0}
r1-N {"event":"WARMUP_END","utc":1790613178.691523552,"elapsed":10.000097223,"completed":19216}
r1-N {"event":"MEASUREMENT_START","utc":1790613178.691537619,"elapsed":0.000000000,"completed":0}
r1-N {"event":"MEASUREMENT_END","utc":1790613208.692009211,"elapsed":30.000469563,"completed":57622}
r1-N {"event":"RESULT","status":"PASS","mode":"copy","bytes":4194304,"completed":57622,"elapsed_s":30.000469563,"operations_per_s":1920.703270297,"checked_elements":1048576,"mismatches":0}
r1-N {"event":"CONDITION","mode":"resident","bytes":2097152,"duration_s":60,"warmup_min_s":10,"iterations":64,"free_bytes":3714056192,"total_bytes":4294967296}
r1-N {"event":"WARMUP_START","utc":1790613208.712094545,"elapsed":0.000000000,"completed":0}
r1-N {"event":"WARMUP_END","utc":1790613218.712106466,"elapsed":10.000006532,"completed":1128194}
r1-N {"event":"MEASUREMENT_START","utc":1790613218.712121010,"elapsed":0.000000000,"completed":0}
r1-N {"event":"MEASUREMENT_END","utc":1790613278.712124109,"elapsed":60.000000903,"completed":6804813}
r1-N {"event":"RESULT","status":"PASS","mode":"resident","bytes":2097152,"completed":6804813,"elapsed_s":60.000000903,"operations_per_s":113413.548293283,"checked_elements":524288,"mismatches":0}
r1-N {"event":"CONDITION","mode":"transfer","bytes":2097152,"duration_s":60,"warmup_min_s":10,"iterations":64,"free_bytes":3714056192,"total_bytes":4294967296}
r1-N {"event":"WARMUP_START","utc":1790613280.573226929,"elapsed":0.000000000,"completed":0}
r1-N {"event":"WARMUP_END","utc":1790613290.573356390,"elapsed":10.000123616,"completed":34256}
r1-N {"event":"MEASUREMENT_START","utc":1790613290.573382378,"elapsed":0.000000000,"completed":0}
r1-N {"event":"MEASUREMENT_END","utc":1790613350.573584080,"elapsed":60.000199340,"completed":205537}
r1-N {"event":"RESULT","status":"PASS","mode":"transfer","bytes":2097152,"completed":205537,"elapsed_s":60.000199340,"operations_per_s":3425.605285661,"checked_elements":524288,"mismatches":0}
{"run_id": "evidence-perf-1-n", "event": "RELEASED", "utc_seconds": 1790613374.5331182}
SESSION_COMPLETE r1-N 1790613374.533852
SESSION_START r1-T 1790613374.5342207
r1-T {"event":"TRANSPORT","socktype":1,"connection_is_local":0,"shm_enabled":1}
r1-T {"event":"CONDITION","mode":"query","bytes":1048576,"duration_s":30,"warmup_min_s":10,"iterations":64,"free_bytes":4290772992,"total_bytes":4294967296}
r1-T {"event":"WARMUP_START","utc":1790613466.106913567,"elapsed":0.000000000,"completed":0}
r1-T {"event":"WARMUP_END","utc":1790613476.107508183,"elapsed":10.000574246,"completed":12427}
r1-T {"event":"MEASUREMENT_START","utc":1790613476.107544184,"elapsed":0.000000000,"completed":0}
r1-T {"event":"MEASUREMENT_END","utc":1790613506.739535570,"elapsed":30.000039595,"completed":194740}
r1-T {"event":"RESULT","status":"PASS","mode":"query","bytes":1048576,"completed":194740,"elapsed_s":30.000039595,"operations_per_s":6491.324765867,"checked_elements":262144,"mismatches":0}
r1-T {"event":"CONDITION","mode":"kernel","bytes":1048576,"duration_s":30,"warmup_min_s":10,"iterations":1,"free_bytes":4290772992,"total_bytes":4294967296}
r1-T {"event":"WARMUP_START","utc":1790613506.847720861,"elapsed":0.000000000,"completed":0}
r1-T {"event":"WARMUP_END","utc":1790613516.848506927,"elapsed":10.000779251,"completed":18820}
r1-T {"event":"MEASUREMENT_START","utc":1790613516.848602057,"elapsed":0.000000000,"completed":0}
r1-T {"event":"MEASUREMENT_END","utc":1790613546.849279165,"elapsed":30.000669570,"completed":19948}
r1-T {"event":"RESULT","status":"PASS","mode":"kernel","bytes":1048576,"completed":19948,"elapsed_s":30.000669570,"operations_per_s":664.918493017,"checked_elements":262144,"mismatches":0}
r1-T {"event":"CONDITION","mode":"copy","bytes":4096,"duration_s":30,"warmup_min_s":10,"iterations":64,"free_bytes":4290772992,"total_bytes":4294967296}
r1-T {"event":"WARMUP_START","utc":1790613546.893698692,"elapsed":0.000000000,"completed":0}
r1-T {"event":"WARMUP_END","utc":1790613556.896864414,"elapsed":10.003146531,"completed":3790}
r1-T {"event":"MEASUREMENT_START","utc":1790613556.896941662,"elapsed":0.000000000,"completed":0}
r1-T {"event":"MEASUREMENT_END","utc":1790613586.899784565,"elapsed":30.002834852,"completed":7754}
r1-T {"event":"RESULT","status":"PASS","mode":"copy","bytes":4096,"completed":7754,"elapsed_s":30.002834852,"operations_per_s":258.442245149,"checked_elements":1024,"mismatches":0}
r1-T {"event":"CONDITION","mode":"copy","bytes":262144,"duration_s":30,"warmup_min_s":10,"iterations":64,"free_bytes":4290772992,"total_bytes":4294967296}
r1-T {"event":"WARMUP_START","utc":1790613586.923888445,"elapsed":0.000000000,"completed":0}
r1-T {"event":"WARMUP_END","utc":1790613596.926117897,"elapsed":10.002209778,"completed":2204}
r1-T {"event":"MEASUREMENT_START","utc":1790613596.926155090,"elapsed":0.000000000,"completed":0}
r1-T {"event":"MEASUREMENT_END","utc":1790613626.927152395,"elapsed":30.000989512,"completed":6670}
r1-T {"event":"RESULT","status":"PASS","mode":"copy","bytes":262144,"completed":6670,"elapsed_s":30.000989512,"operations_per_s":222.326000192,"checked_elements":65536,"mismatches":0}
r1-T {"event":"CONDITION","mode":"copy","bytes":4194304,"duration_s":30,"warmup_min_s":10,"iterations":64,"free_bytes":4286578688,"total_bytes":4294967296}
r1-T {"event":"WARMUP_START","utc":1790613626.961625576,"elapsed":0.000000000,"completed":0}
r1-T {"event":"WARMUP_END","utc":1790613636.963431597,"elapsed":10.001788113,"completed":1601}
r1-T {"event":"MEASUREMENT_START","utc":1790613636.963476896,"elapsed":0.000000000,"completed":0}
r1-T {"event":"MEASUREMENT_END","utc":1790613666.968189716,"elapsed":30.004706839,"completed":4802}
r1-T {"event":"RESULT","status":"PASS","mode":"copy","bytes":4194304,"completed":4802,"elapsed_s":30.004706839,"operations_per_s":160.041557005,"checked_elements":1048576,"mismatches":0}
r1-T {"event":"CONDITION","mode":"resident","bytes":2097152,"duration_s":60,"warmup_min_s":10,"iterations":64,"free_bytes":4290772992,"total_bytes":4294967296}
r1-T {"event":"WARMUP_START","utc":1790613666.991783619,"elapsed":0.000000000,"completed":0}
r1-T {"event":"WARMUP_END","utc":1790613676.992134333,"elapsed":10.000340108,"completed":6285}
r1-T {"event":"MEASUREMENT_START","utc":1790613676.992164850,"elapsed":0.000000000,"completed":0}
r1-T {"event":"MEASUREMENT_END","utc":1790613736.993757010,"elapsed":60.001584587,"completed":61170}
r1-T {"event":"RESULT","status":"PASS","mode":"resident","bytes":2097152,"completed":61170,"elapsed_s":60.001584587,"operations_per_s":1019.473075937,"checked_elements":524288,"mismatches":0}
r1-T {"event":"CONDITION","mode":"transfer","bytes":2097152,"duration_s":60,"warmup_min_s":10,"iterations":64,"free_bytes":4290772992,"total_bytes":4294967296}
r1-T {"event":"WARMUP_START","utc":1790613737.073259830,"elapsed":0.000000000,"completed":0}
r1-T {"event":"WARMUP_END","utc":1790613747.077428818,"elapsed":10.004154543,"completed":1988}
r1-T {"event":"MEASUREMENT_START","utc":1790613747.077462912,"elapsed":0.000000000,"completed":0}
r1-T {"event":"MEASUREMENT_END","utc":1790613807.081797600,"elapsed":60.004327668,"completed":11203}
r1-T {"event":"RESULT","status":"PASS","mode":"transfer","bytes":2097152,"completed":11203,"elapsed_s":60.004327668,"operations_per_s":186.703200176,"checked_elements":524288,"mismatches":0}
SESSION_COMPLETE r1-T 1790613819.5797968
SESSION_START r1-S 1790613819.5875025
{"run_id": "evidence-perf-1-s", "event": "PREPARE", "utc_seconds": 1790613819.671136, "backend": "shm", "compute": 100}
{"run_id": "evidence-perf-1-s", "event": "PREPARED", "utc_seconds": 1790613876.1408367}
r1-S {"event":"CONDITION","mode":"query","bytes":1048576,"duration_s":30,"warmup_min_s":10,"iterations":64,"free_bytes":3716153344,"total_bytes":4294967296}
r1-S {"event":"WARMUP_START","utc":1790613879.114176273,"elapsed":0.000000000,"completed":0}
r1-S {"event":"WARMUP_END","utc":1790613889.115832329,"elapsed":10.001630847,"completed":6803}
r1-S {"event":"MEASUREMENT_START","utc":1790613889.115879297,"elapsed":0.000000000,"completed":0}
r1-S {"event":"MEASUREMENT_END","utc":1790613919.594284773,"elapsed":30.001042887,"completed":20248}
r1-S {"event":"RESULT","status":"PASS","mode":"query","bytes":1048576,"completed":20248,"elapsed_s":30.001042887,"operations_per_s":674.909871509,"checked_elements":262144,"mismatches":0}
r1-S {"event":"CONDITION","mode":"kernel","bytes":1048576,"duration_s":30,"warmup_min_s":10,"iterations":1,"free_bytes":3716153344,"total_bytes":4294967296}
r1-S {"event":"WARMUP_START","utc":1790613919.699842215,"elapsed":0.000000000,"completed":0}
r1-S {"event":"WARMUP_END","utc":1790613929.702080965,"elapsed":10.002186907,"completed":3550}
r1-S {"event":"MEASUREMENT_START","utc":1790613929.702183962,"elapsed":0.000000000,"completed":0}
r1-S {"event":"MEASUREMENT_END","utc":1790613959.705610752,"elapsed":30.003418286,"completed":10660}
r1-S {"event":"RESULT","status":"PASS","mode":"kernel","bytes":1048576,"completed":10660,"elapsed_s":30.003418286,"operations_per_s":355.292850247,"checked_elements":262144,"mismatches":0}
r1-S {"event":"CONDITION","mode":"copy","bytes":4096,"duration_s":30,"warmup_min_s":10,"iterations":64,"free_bytes":3718242304,"total_bytes":4294967296}
r1-S {"event":"WARMUP_START","utc":1790613959.750773191,"elapsed":0.000000000,"completed":0}
r1-S {"event":"WARMUP_END","utc":1790613969.754664183,"elapsed":10.003869568,"completed":1743}
r1-S {"event":"MEASUREMENT_START","utc":1790613969.754783630,"elapsed":0.000000000,"completed":0}
r1-S {"event":"MEASUREMENT_END","utc":1790613999.759764433,"elapsed":30.004970675,"completed":5316}
r1-S {"event":"RESULT","status":"PASS","mode":"copy","bytes":4096,"completed":5316,"elapsed_s":30.004970675,"operations_per_s":177.170644744,"checked_elements":1024,"mismatches":0}
r1-S {"event":"CONDITION","mode":"copy","bytes":262144,"duration_s":30,"warmup_min_s":10,"iterations":64,"free_bytes":3717726208,"total_bytes":4294967296}
r1-S {"event":"WARMUP_START","utc":1790613999.786000013,"elapsed":0.000000000,"completed":0}
r1-S {"event":"WARMUP_END","utc":1790614009.787209272,"elapsed":10.001184269,"completed":1440}
r1-S {"event":"MEASUREMENT_START","utc":1790614009.787280321,"elapsed":0.000000000,"completed":0}
r1-S {"event":"MEASUREMENT_END","utc":1790614039.790537119,"elapsed":30.003247685,"completed":4339}
r1-S {"event":"RESULT","status":"PASS","mode":"copy","bytes":262144,"completed":4339,"elapsed_s":30.003247685,"operations_per_s":144.617677578,"checked_elements":65536,"mismatches":0}
r1-S {"event":"CONDITION","mode":"copy","bytes":4194304,"duration_s":30,"warmup_min_s":10,"iterations":64,"free_bytes":3709861888,"total_bytes":4294967296}
r1-S {"event":"WARMUP_START","utc":1790614039.859756231,"elapsed":0.000000000,"completed":0}
r1-S {"event":"WARMUP_END","utc":1790614049.871140480,"elapsed":10.011359802,"completed":407}
r1-S {"event":"MEASUREMENT_START","utc":1790614049.871223688,"elapsed":0.000000000,"completed":0}
r1-S {"event":"MEASUREMENT_END","utc":1790614079.875355721,"elapsed":30.004123237,"completed":1224}
r1-S {"event":"RESULT","status":"PASS","mode":"copy","bytes":4194304,"completed":1224,"elapsed_s":30.004123237,"operations_per_s":40.794393168,"checked_elements":1048576,"mismatches":0}
r1-S {"event":"CONDITION","mode":"resident","bytes":2097152,"duration_s":60,"warmup_min_s":10,"iterations":64,"free_bytes":3714056192,"total_bytes":4294967296}
r1-S {"event":"WARMUP_START","utc":1790614079.948820353,"elapsed":0.000000000,"completed":0}
r1-S {"event":"WARMUP_END","utc":1790614089.950601578,"elapsed":10.001756446,"completed":3572}
r1-S {"event":"MEASUREMENT_START","utc":1790614089.950654507,"elapsed":0.000000000,"completed":0}
r1-S {"event":"MEASUREMENT_END","utc":1790614149.953467369,"elapsed":60.002804824,"completed":21250}
r1-S {"event":"RESULT","status":"PASS","mode":"resident","bytes":2097152,"completed":21250,"elapsed_s":60.002804824,"operations_per_s":354.150111188,"checked_elements":524288,"mismatches":0}
r1-S {"event":"CONDITION","mode":"transfer","bytes":2097152,"duration_s":60,"warmup_min_s":10,"iterations":64,"free_bytes":3714056192,"total_bytes":4294967296}
r1-S {"event":"WARMUP_START","utc":1790614150.063863277,"elapsed":0.000000000,"completed":0}
r1-S {"event":"WARMUP_END","utc":1790614160.069142342,"elapsed":10.005254073,"completed":640}
r1-S {"event":"MEASUREMENT_START","utc":1790614160.069194078,"elapsed":0.000000000,"completed":0}
r1-S {"event":"MEASUREMENT_END","utc":1790614220.079120398,"elapsed":60.009918629,"completed":3852}
r1-S {"event":"RESULT","status":"PASS","mode":"transfer","bytes":2097152,"completed":3852,"elapsed_s":60.009918629,"operations_per_s":64.189388821,"checked_elements":524288,"mismatches":0}
{"run_id": "evidence-perf-1-s", "event": "RELEASED", "utc_seconds": 1790614237.3548758}
SESSION_COMPLETE r1-S 1790614237.3557084
SESSION_START r2-T 1790614237.3561006
r2-T {"event":"TRANSPORT","socktype":1,"connection_is_local":0,"shm_enabled":1}
r2-T {"event":"CONDITION","mode":"copy","bytes":4096,"duration_s":30,"warmup_min_s":10,"iterations":64,"free_bytes":4290772992,"total_bytes":4294967296}
r2-T {"event":"WARMUP_START","utc":1790614331.603660107,"elapsed":0.000000000,"completed":0}
r2-T {"event":"WARMUP_END","utc":1790614341.607584715,"elapsed":10.003903603,"completed":2788}
r2-T {"event":"MEASUREMENT_START","utc":1790614341.607671499,"elapsed":0.000000000,"completed":0}
r2-T {"event":"MEASUREMENT_END","utc":1790614372.273333311,"elapsed":30.002560418,"completed":9524}
r2-T {"event":"RESULT","status":"PASS","mode":"copy","bytes":4096,"completed":9524,"elapsed_s":30.002560418,"operations_per_s":317.439574067,"checked_elements":1024,"mismatches":0}
r2-T {"event":"CONDITION","mode":"copy","bytes":262144,"duration_s":30,"warmup_min_s":10,"iterations":64,"free_bytes":4290772992,"total_bytes":4294967296}
r2-T {"event":"WARMUP_START","utc":1790614372.300653219,"elapsed":0.000000000,"completed":0}
r2-T {"event":"WARMUP_END","utc":1790614382.304404259,"elapsed":10.003731995,"completed":2477}
r2-T {"event":"MEASUREMENT_START","utc":1790614382.304440975,"elapsed":0.000000000,"completed":0}
r2-T {"event":"MEASUREMENT_END","utc":1790614412.306378841,"elapsed":30.001929928,"completed":7021}
r2-T {"event":"RESULT","status":"PASS","mode":"copy","bytes":262144,"completed":7021,"elapsed_s":30.001929928,"operations_per_s":234.018278719,"checked_elements":65536,"mismatches":0}
r2-T {"event":"CONDITION","mode":"copy","bytes":4194304,"duration_s":30,"warmup_min_s":10,"iterations":64,"free_bytes":4286578688,"total_bytes":4294967296}
r2-T {"event":"WARMUP_START","utc":1790614412.345725060,"elapsed":0.000000000,"completed":0}
r2-T {"event":"WARMUP_END","utc":1790614422.352615118,"elapsed":10.006869713,"completed":943}
r2-T {"event":"MEASUREMENT_START","utc":1790614422.352653980,"elapsed":0.000000000,"completed":0}
r2-T {"event":"MEASUREMENT_END","utc":1790614452.360608339,"elapsed":30.007946606,"completed":2825}
r2-T {"event":"RESULT","status":"PASS","mode":"copy","bytes":4194304,"completed":2825,"elapsed_s":30.007946606,"operations_per_s":94.141729759,"checked_elements":1048576,"mismatches":0}
r2-T {"event":"CONDITION","mode":"resident","bytes":2097152,"duration_s":60,"warmup_min_s":10,"iterations":64,"free_bytes":4290772992,"total_bytes":4294967296}
r2-T {"event":"WARMUP_START","utc":1790614452.392457485,"elapsed":0.000000000,"completed":0}
r2-T {"event":"WARMUP_END","utc":1790614462.394510269,"elapsed":10.002034996,"completed":5053}
r2-T {"event":"MEASUREMENT_START","utc":1790614462.394588947,"elapsed":0.000000000,"completed":0}
r2-T {"event":"MEASUREMENT_END","utc":1790614522.394760609,"elapsed":60.000162729,"completed":38941}
r2-T {"event":"RESULT","status":"PASS","mode":"resident","bytes":2097152,"completed":38941,"elapsed_s":60.000162729,"operations_per_s":649.014906441,"checked_elements":524288,"mismatches":0}
r2-T {"event":"CONDITION","mode":"transfer","bytes":2097152,"duration_s":60,"warmup_min_s":10,"iterations":64,"free_bytes":4290772992,"total_bytes":4294967296}
r2-T {"event":"WARMUP_START","utc":1790614522.469903231,"elapsed":0.000000000,"completed":0}
r2-T {"event":"WARMUP_END","utc":1790614532.472112417,"elapsed":10.002188680,"completed":1307}
r2-T {"event":"MEASUREMENT_START","utc":1790614532.472203493,"elapsed":0.000000000,"completed":0}
r2-T {"event":"MEASUREMENT_END","utc":1790614592.473345280,"elapsed":60.001134319,"completed":7908}
r2-T {"event":"RESULT","status":"PASS","mode":"transfer","bytes":2097152,"completed":7908,"elapsed_s":60.001134319,"operations_per_s":131.797508326,"checked_elements":524288,"mismatches":0}
r2-T {"event":"CONDITION","mode":"query","bytes":1048576,"duration_s":30,"warmup_min_s":10,"iterations":64,"free_bytes":4290772992,"total_bytes":4294967296}
r2-T {"event":"WARMUP_START","utc":1790614592.505095005,"elapsed":0.000000000,"completed":0}
r2-T {"event":"WARMUP_END","utc":1790614602.505954266,"elapsed":10.000837067,"completed":18763}
r2-T {"event":"MEASUREMENT_START","utc":1790614602.505995989,"elapsed":0.000000000,"completed":0}
r2-T {"event":"MEASUREMENT_END","utc":1790614632.506459951,"elapsed":30.000456190,"completed":36459}
r2-T {"event":"RESULT","status":"PASS","mode":"query","bytes":1048576,"completed":36459,"elapsed_s":30.000456190,"operations_per_s":1215.281520024,"checked_elements":262144,"mismatches":0}
r2-T {"event":"CONDITION","mode":"kernel","bytes":1048576,"duration_s":30,"warmup_min_s":10,"iterations":1,"free_bytes":4290772992,"total_bytes":4294967296}
r2-T {"event":"WARMUP_START","utc":1790614632.566959620,"elapsed":0.000000000,"completed":0}
r2-T {"event":"WARMUP_END","utc":1790614642.567473888,"elapsed":10.000495083,"completed":5325}
r2-T {"event":"MEASUREMENT_START","utc":1790614642.567515850,"elapsed":0.000000000,"completed":0}
r2-T {"event":"MEASUREMENT_END","utc":1790614672.567631483,"elapsed":30.000107657,"completed":16189}
r2-T {"event":"RESULT","status":"PASS","mode":"kernel","bytes":1048576,"completed":16189,"elapsed_s":30.000107657,"operations_per_s":539.631396830,"checked_elements":262144,"mismatches":0}
SESSION_COMPLETE r2-T 1790614686.204293
SESSION_START r2-S 1790614686.2095525
{"run_id": "evidence-perf-2-s", "event": "PREPARE", "utc_seconds": 1790614686.2770143, "backend": "shm", "compute": 100}
{"run_id": "evidence-perf-2-s", "event": "PREPARED", "utc_seconds": 1790614741.1659563}
r2-S {"event":"CONDITION","mode":"copy","bytes":4096,"duration_s":30,"warmup_min_s":10,"iterations":64,"free_bytes":3718242304,"total_bytes":4294967296}
r2-S {"event":"WARMUP_START","utc":1790614743.789136648,"elapsed":0.000000000,"completed":0}
r2-S {"event":"WARMUP_END","utc":1790614753.792006493,"elapsed":10.002832825,"completed":1770}
r2-S {"event":"MEASUREMENT_START","utc":1790614753.792044401,"elapsed":0.000000000,"completed":0}
r2-S {"event":"MEASUREMENT_END","utc":1790614784.324671507,"elapsed":30.003448160,"completed":5297}
r2-S {"event":"RESULT","status":"PASS","mode":"copy","bytes":4096,"completed":5297,"elapsed_s":30.003448160,"operations_per_s":176.546374662,"checked_elements":1024,"mismatches":0}
r2-S {"event":"CONDITION","mode":"copy","bytes":262144,"duration_s":30,"warmup_min_s":10,"iterations":64,"free_bytes":3717726208,"total_bytes":4294967296}
r2-S {"event":"WARMUP_START","utc":1790614784.359426260,"elapsed":0.000000000,"completed":0}
r2-S {"event":"WARMUP_END","utc":1790614794.360397816,"elapsed":10.000947718,"completed":1515}
r2-S {"event":"MEASUREMENT_START","utc":1790614794.360438824,"elapsed":0.000000000,"completed":0}
r2-S {"event":"MEASUREMENT_END","utc":1790614824.360811949,"elapsed":30.000365496,"completed":4369}
r2-S {"event":"RESULT","status":"PASS","mode":"copy","bytes":262144,"completed":4369,"elapsed_s":30.000365496,"operations_per_s":145.631559075,"checked_elements":65536,"mismatches":0}
r2-S {"event":"CONDITION","mode":"copy","bytes":4194304,"duration_s":30,"warmup_min_s":10,"iterations":64,"free_bytes":3709861888,"total_bytes":4294967296}
r2-S {"event":"WARMUP_START","utc":1790614824.431210041,"elapsed":0.000000000,"completed":0}
r2-S {"event":"WARMUP_END","utc":1790614834.442742586,"elapsed":10.011508593,"completed":407}
r2-S {"event":"MEASUREMENT_START","utc":1790614834.442843437,"elapsed":0.000000000,"completed":0}
r2-S {"event":"MEASUREMENT_END","utc":1790614864.458918810,"elapsed":30.016066090,"completed":1235}
r2-S {"event":"RESULT","status":"PASS","mode":"copy","bytes":4194304,"completed":1235,"elapsed_s":30.016066090,"operations_per_s":41.144632221,"checked_elements":1048576,"mismatches":0}
r2-S {"event":"CONDITION","mode":"resident","bytes":2097152,"duration_s":60,"warmup_min_s":10,"iterations":64,"free_bytes":3714056192,"total_bytes":4294967296}
r2-S {"event":"WARMUP_START","utc":1790614864.539351225,"elapsed":0.000000000,"completed":0}
r2-S {"event":"WARMUP_END","utc":1790614874.539616108,"elapsed":10.000241175,"completed":3577}
r2-S {"event":"MEASUREMENT_START","utc":1790614874.539658070,"elapsed":0.000000000,"completed":0}
r2-S {"event":"MEASUREMENT_END","utc":1790614934.541301250,"elapsed":60.001635604,"completed":21396}
r2-S {"event":"RESULT","status":"PASS","mode":"resident","bytes":2097152,"completed":21396,"elapsed_s":60.001635604,"operations_per_s":356.590279325,"checked_elements":524288,"mismatches":0}
r2-S {"event":"CONDITION","mode":"transfer","bytes":2097152,"duration_s":60,"warmup_min_s":10,"iterations":64,"free_bytes":3714056192,"total_bytes":4294967296}
r2-S {"event":"WARMUP_START","utc":1790614934.653484583,"elapsed":0.000000000,"completed":0}
r2-S {"event":"WARMUP_END","utc":1790614944.664630890,"elapsed":10.011122000,"completed":648}
r2-S {"event":"MEASUREMENT_START","utc":1790614944.664725780,"elapsed":0.000000000,"completed":0}
r2-S {"event":"MEASUREMENT_END","utc":1790615004.665493727,"elapsed":60.000760131,"completed":3867}
r2-S {"event":"RESULT","status":"PASS","mode":"transfer","bytes":2097152,"completed":3867,"elapsed_s":60.000760131,"operations_per_s":64.449183503,"checked_elements":524288,"mismatches":0}
r2-S {"event":"CONDITION","mode":"query","bytes":1048576,"duration_s":30,"warmup_min_s":10,"iterations":64,"free_bytes":3716153344,"total_bytes":4294967296}
r2-S {"event":"WARMUP_START","utc":1790615004.700504303,"elapsed":0.000000000,"completed":0}
r2-S {"event":"WARMUP_END","utc":1790615014.701070547,"elapsed":10.000543554,"completed":6756}
r2-S {"event":"MEASUREMENT_START","utc":1790615014.701142788,"elapsed":0.000000000,"completed":0}
r2-S {"event":"MEASUREMENT_END","utc":1790615044.701320648,"elapsed":30.000170070,"completed":20227}
r2-S {"event":"RESULT","status":"PASS","mode":"query","bytes":1048576,"completed":20227,"elapsed_s":30.000170070,"operations_per_s":674.229511126,"checked_elements":262144,"mismatches":0}
r2-S {"event":"CONDITION","mode":"kernel","bytes":1048576,"duration_s":30,"warmup_min_s":10,"iterations":1,"free_bytes":3716153344,"total_bytes":4294967296}
r2-S {"event":"WARMUP_START","utc":1790615044.793176889,"elapsed":0.000000000,"completed":0}
r2-S {"event":"WARMUP_END","utc":1790615054.793341160,"elapsed":10.000138281,"completed":3500}
r2-S {"event":"MEASUREMENT_START","utc":1790615054.793460369,"elapsed":0.000000000,"completed":0}
r2-S {"event":"MEASUREMENT_END","utc":1790615084.796278000,"elapsed":30.002809309,"completed":10524}
r2-S {"event":"RESULT","status":"PASS","mode":"kernel","bytes":1048576,"completed":10524,"elapsed_s":30.002809309,"operations_per_s":350.767152889,"checked_elements":262144,"mismatches":0}
{"run_id": "evidence-perf-2-s", "event": "RELEASED", "utc_seconds": 1790615102.033154}
SESSION_COMPLETE r2-S 1790615102.0348248
SESSION_START r2-N 1790615102.0405536
{"run_id": "evidence-perf-2-n", "event": "PREPARE", "utc_seconds": 1790615102.1078398, "backend": "native-hami-disabled", "compute": 100}
{"run_id": "evidence-perf-2-n", "event": "PREPARED", "utc_seconds": 1790615104.6827288}
r2-N {"event":"CONDITION","mode":"copy","bytes":4096,"duration_s":30,"warmup_min_s":10,"iterations":64,"free_bytes":3718242304,"total_bytes":4294967296}
r2-N {"event":"WARMUP_START","utc":1790615105.415450096,"elapsed":0.000000000,"completed":0}
r2-N {"event":"WARMUP_END","utc":1790615115.415473938,"elapsed":10.000006524,"completed":446071}
r2-N {"event":"MEASUREMENT_START","utc":1790615115.415521860,"elapsed":0.000000000,"completed":0}
r2-N {"event":"MEASUREMENT_END","utc":1790615145.415527582,"elapsed":30.000001934,"completed":1698195}
r2-N {"event":"RESULT","status":"PASS","mode":"copy","bytes":4096,"completed":1698195,"elapsed_s":30.000001934,"operations_per_s":56606.496350753,"checked_elements":1024,"mismatches":0}
r2-N {"event":"CONDITION","mode":"copy","bytes":262144,"duration_s":30,"warmup_min_s":10,"iterations":64,"free_bytes":3717726208,"total_bytes":4294967296}
r2-N {"event":"WARMUP_START","utc":1790615145.894274235,"elapsed":0.000000000,"completed":0}
r2-N {"event":"WARMUP_END","utc":1790615155.894299746,"elapsed":10.000021076,"completed":199823}
r2-N {"event":"MEASUREMENT_START","utc":1790615155.894324780,"elapsed":0.000000000,"completed":0}
r2-N {"event":"MEASUREMENT_END","utc":1790615185.894374609,"elapsed":30.000047842,"completed":599204}
r2-N {"event":"RESULT","status":"PASS","mode":"copy","bytes":262144,"completed":599204,"elapsed_s":30.000047842,"operations_per_s":19973.434814337,"checked_elements":65536,"mismatches":0}
r2-N {"event":"CONDITION","mode":"copy","bytes":4194304,"duration_s":30,"warmup_min_s":10,"iterations":64,"free_bytes":3709861888,"total_bytes":4294967296}
r2-N {"event":"WARMUP_START","utc":1790615186.064994574,"elapsed":0.000000000,"completed":0}
r2-N {"event":"WARMUP_END","utc":1790615196.065017462,"elapsed":10.000017668,"completed":20405}
r2-N {"event":"MEASUREMENT_START","utc":1790615196.065045118,"elapsed":0.000000000,"completed":0}
r2-N {"event":"MEASUREMENT_END","utc":1790615226.065454721,"elapsed":30.000407610,"completed":61226}
r2-N {"event":"RESULT","status":"PASS","mode":"copy","bytes":4194304,"completed":61226,"elapsed_s":30.000407610,"operations_per_s":2040.838937790,"checked_elements":1048576,"mismatches":0}
r2-N {"event":"CONDITION","mode":"resident","bytes":2097152,"duration_s":60,"warmup_min_s":10,"iterations":64,"free_bytes":3714056192,"total_bytes":4294967296}
r2-N {"event":"WARMUP_START","utc":1790615226.095391035,"elapsed":0.000000000,"completed":0}
r2-N {"event":"WARMUP_END","utc":1790615236.095399141,"elapsed":10.000003473,"completed":1124820}
r2-N {"event":"MEASUREMENT_START","utc":1790615236.095417500,"elapsed":0.000000000,"completed":0}
r2-N {"event":"MEASUREMENT_END","utc":1790615296.095427990,"elapsed":60.000008165,"completed":6769101}
r2-N {"event":"RESULT","status":"PASS","mode":"resident","bytes":2097152,"completed":6769101,"elapsed_s":60.000008165,"operations_per_s":112818.334647265,"checked_elements":524288,"mismatches":0}
r2-N {"event":"CONDITION","mode":"transfer","bytes":2097152,"duration_s":60,"warmup_min_s":10,"iterations":64,"free_bytes":3714056192,"total_bytes":4294967296}
r2-N {"event":"WARMUP_START","utc":1790615297.945179224,"elapsed":0.000000000,"completed":0}
r2-N {"event":"WARMUP_END","utc":1790615307.945455790,"elapsed":10.000271817,"completed":35734}
r2-N {"event":"MEASUREMENT_START","utc":1790615307.945477009,"elapsed":0.000000000,"completed":0}
r2-N {"event":"MEASUREMENT_END","utc":1790615367.945642233,"elapsed":60.000163029,"completed":214609}
r2-N {"event":"RESULT","status":"PASS","mode":"transfer","bytes":2097152,"completed":214609,"elapsed_s":60.000163029,"operations_per_s":3576.806947949,"checked_elements":524288,"mismatches":0}
r2-N {"event":"CONDITION","mode":"query","bytes":1048576,"duration_s":30,"warmup_min_s":10,"iterations":64,"free_bytes":3716153344,"total_bytes":4294967296}
r2-N {"event":"WARMUP_START","utc":1790615368.008310795,"elapsed":0.000000000,"completed":0}
r2-N {"event":"WARMUP_END","utc":1790615378.008921146,"elapsed":10.000605355,"completed":2058860}
r2-N {"event":"MEASUREMENT_START","utc":1790615378.008961916,"elapsed":0.000000000,"completed":0}
r2-N {"event":"MEASUREMENT_END","utc":1790615408.008966208,"elapsed":30.000000924,"completed":4215444}
r2-N {"event":"RESULT","status":"PASS","mode":"query","bytes":1048576,"completed":4215444,"elapsed_s":30.000000924,"operations_per_s":140514.795672199,"checked_elements":262144,"mismatches":0}
r2-N {"event":"CONDITION","mode":"kernel","bytes":1048576,"duration_s":30,"warmup_min_s":10,"iterations":1,"free_bytes":3716153344,"total_bytes":4294967296}
r2-N {"event":"WARMUP_START","utc":1790615409.062141418,"elapsed":0.000000000,"completed":0}
r2-N {"event":"WARMUP_END","utc":1790615419.062149286,"elapsed":10.000003194,"completed":1259299}
r2-N {"event":"MEASUREMENT_START","utc":1790615419.062170982,"elapsed":0.000000000,"completed":0}
r2-N {"event":"MEASUREMENT_END","utc":1790615449.062179089,"elapsed":30.000005844,"completed":3764244}
r2-N {"event":"RESULT","status":"PASS","mode":"kernel","bytes":1048576,"completed":3764244,"elapsed_s":30.000005844,"operations_per_s":125474.775557308,"checked_elements":262144,"mismatches":0}
{"run_id": "evidence-perf-2-n", "event": "RELEASED", "utc_seconds": 1790615471.4944224}
SESSION_COMPLETE r2-N 1790615471.495008
SESSION_START r3-S 1790615471.4984143
{"run_id": "evidence-perf-3-s", "event": "PREPARE", "utc_seconds": 1790615471.5668833, "backend": "shm", "compute": 100}
{"run_id": "evidence-perf-3-s", "event": "PREPARED", "utc_seconds": 1790615524.4505036}
r3-S {"event":"CONDITION","mode":"copy","bytes":4194304,"duration_s":30,"warmup_min_s":10,"iterations":64,"free_bytes":3709861888,"total_bytes":4294967296}
r3-S {"event":"WARMUP_START","utc":1790615527.620498419,"elapsed":0.000000000,"completed":0}
r3-S {"event":"WARMUP_END","utc":1790615537.624468803,"elapsed":10.003946211,"completed":447}
r3-S {"event":"MEASUREMENT_START","utc":1790615537.624502182,"elapsed":0.000000000,"completed":0}
r3-S {"event":"MEASUREMENT_END","utc":1790615567.633521557,"elapsed":30.009012090,"completed":1339}
r3-S {"event":"RESULT","status":"PASS","mode":"copy","bytes":4194304,"completed":1339,"elapsed_s":30.009012090,"operations_per_s":44.619929373,"checked_elements":1048576,"mismatches":0}
r3-S {"event":"CONDITION","mode":"resident","bytes":2097152,"duration_s":60,"warmup_min_s":10,"iterations":64,"free_bytes":3714056192,"total_bytes":4294967296}
r3-S {"event":"WARMUP_START","utc":1790615567.711766243,"elapsed":0.000000000,"completed":0}
r3-S {"event":"WARMUP_END","utc":1790615577.713107109,"elapsed":10.001320503,"completed":3674}
r3-S {"event":"MEASUREMENT_START","utc":1790615577.713188648,"elapsed":0.000000000,"completed":0}
r3-S {"event":"MEASUREMENT_END","utc":1790615637.714168072,"elapsed":60.000970523,"completed":21934}
r3-S {"event":"RESULT","status":"PASS","mode":"resident","bytes":2097152,"completed":21934,"elapsed_s":60.000970523,"operations_per_s":365.560753581,"checked_elements":524288,"mismatches":0}
r3-S {"event":"CONDITION","mode":"transfer","bytes":2097152,"duration_s":60,"warmup_min_s":10,"iterations":64,"free_bytes":3714056192,"total_bytes":4294967296}
r3-S {"event":"WARMUP_START","utc":1790615637.811683178,"elapsed":0.000000000,"completed":0}
r3-S {"event":"WARMUP_END","utc":1790615647.814237833,"elapsed":10.002507696,"completed":695}
r3-S {"event":"MEASUREMENT_START","utc":1790615647.814324856,"elapsed":0.000000000,"completed":0}
r3-S {"event":"MEASUREMENT_END","utc":1790615707.830491781,"elapsed":60.016159313,"completed":3918}
r3-S {"event":"RESULT","status":"PASS","mode":"transfer","bytes":2097152,"completed":3918,"elapsed_s":60.016159313,"operations_per_s":65.282418016,"checked_elements":524288,"mismatches":0}
r3-S {"event":"CONDITION","mode":"query","bytes":1048576,"duration_s":30,"warmup_min_s":10,"iterations":64,"free_bytes":3716153344,"total_bytes":4294967296}
r3-S {"event":"WARMUP_START","utc":1790615707.871204615,"elapsed":0.000000000,"completed":0}
r3-S {"event":"WARMUP_END","utc":1790615717.871563911,"elapsed":10.000334052,"completed":6651}
r3-S {"event":"MEASUREMENT_START","utc":1790615717.871607542,"elapsed":0.000000000,"completed":0}
r3-S {"event":"MEASUREMENT_END","utc":1790615747.871972084,"elapsed":30.000357097,"completed":20019}
r3-S {"event":"RESULT","status":"PASS","mode":"query","bytes":1048576,"completed":20019,"elapsed_s":30.000357097,"operations_per_s":667.292057067,"checked_elements":262144,"mismatches":0}
r3-S {"event":"CONDITION","mode":"kernel","bytes":1048576,"duration_s":30,"warmup_min_s":10,"iterations":1,"free_bytes":3716153344,"total_bytes":4294967296}
r3-S {"event":"WARMUP_START","utc":1790615747.962254286,"elapsed":0.000000000,"completed":0}
r3-S {"event":"WARMUP_END","utc":1790615757.963448048,"elapsed":10.001167412,"completed":3496}
r3-S {"event":"MEASUREMENT_START","utc":1790615757.963569164,"elapsed":0.000000000,"completed":0}
r3-S {"event":"MEASUREMENT_END","utc":1790615787.965376377,"elapsed":30.001798853,"completed":10555}
r3-S {"event":"RESULT","status":"PASS","mode":"kernel","bytes":1048576,"completed":10555,"elapsed_s":30.001798853,"operations_per_s":351.812238050,"checked_elements":262144,"mismatches":0}
r3-S {"event":"CONDITION","mode":"copy","bytes":4096,"duration_s":30,"warmup_min_s":10,"iterations":64,"free_bytes":3718242304,"total_bytes":4294967296}
r3-S {"event":"WARMUP_START","utc":1790615788.006456614,"elapsed":0.000000000,"completed":0}
r3-S {"event":"WARMUP_END","utc":1790615798.010628462,"elapsed":10.004148094,"completed":1730}
r3-S {"event":"MEASUREMENT_START","utc":1790615798.010855436,"elapsed":0.000000000,"completed":0}
r3-S {"event":"MEASUREMENT_END","utc":1790615828.013698578,"elapsed":30.002833926,"completed":5190}
r3-S {"event":"RESULT","status":"PASS","mode":"copy","bytes":4096,"completed":5190,"elapsed_s":30.002833926,"operations_per_s":172.983659237,"checked_elements":1024,"mismatches":0}
r3-S {"event":"CONDITION","mode":"copy","bytes":262144,"duration_s":30,"warmup_min_s":10,"iterations":64,"free_bytes":3717726208,"total_bytes":4294967296}
r3-S {"event":"WARMUP_START","utc":1790615828.037209272,"elapsed":0.000000000,"completed":0}
r3-S {"event":"WARMUP_END","utc":1790615838.040768147,"elapsed":10.003532148,"completed":1426}
r3-S {"event":"MEASUREMENT_START","utc":1790615838.040813923,"elapsed":0.000000000,"completed":0}
r3-S {"event":"MEASUREMENT_END","utc":1790615868.041583776,"elapsed":30.000762324,"completed":4269}
r3-S {"event":"RESULT","status":"PASS","mode":"copy","bytes":262144,"completed":4269,"elapsed_s":30.000762324,"operations_per_s":142.296384135,"checked_elements":65536,"mismatches":0}
{"run_id": "evidence-perf-3-s", "event": "RELEASED", "utc_seconds": 1790615886.3658786}
SESSION_COMPLETE r3-S 1790615886.3670597
SESSION_START r3-N 1790615886.3725348
{"run_id": "evidence-perf-3-n", "event": "PREPARE", "utc_seconds": 1790615886.438981, "backend": "native-hami-disabled", "compute": 100}
{"run_id": "evidence-perf-3-n", "event": "PREPARED", "utc_seconds": 1790615889.04058}
r3-N {"event":"CONDITION","mode":"copy","bytes":4194304,"duration_s":30,"warmup_min_s":10,"iterations":64,"free_bytes":3709861888,"total_bytes":4294967296}
r3-N {"event":"WARMUP_START","utc":1790615889.758249044,"elapsed":0.000000000,"completed":0}
r3-N {"event":"WARMUP_END","utc":1790615899.758424044,"elapsed":10.000151355,"completed":15606}
r3-N {"event":"MEASUREMENT_START","utc":1790615899.758456230,"elapsed":0.000000000,"completed":0}
r3-N {"event":"MEASUREMENT_END","utc":1790615929.758769035,"elapsed":30.000308962,"completed":55323}
r3-N {"event":"RESULT","status":"PASS","mode":"copy","bytes":4194304,"completed":55323,"elapsed_s":30.000308962,"operations_per_s":1844.081008297,"checked_elements":1048576,"mismatches":0}
r3-N {"event":"CONDITION","mode":"resident","bytes":2097152,"duration_s":60,"warmup_min_s":10,"iterations":64,"free_bytes":3714056192,"total_bytes":4294967296}
r3-N {"event":"WARMUP_START","utc":1790615929.788094997,"elapsed":0.000000000,"completed":0}
r3-N {"event":"WARMUP_END","utc":1790615939.788107395,"elapsed":10.000007791,"completed":1130466}
r3-N {"event":"MEASUREMENT_START","utc":1790615939.788130522,"elapsed":0.000000000,"completed":0}
r3-N {"event":"MEASUREMENT_END","utc":1790615999.788139820,"elapsed":60.000007306,"completed":6808986}
r3-N {"event":"RESULT","status":"PASS","mode":"resident","bytes":2097152,"completed":6808986,"elapsed_s":60.000007306,"operations_per_s":113483.086181557,"checked_elements":524288,"mismatches":0}
r3-N {"event":"CONDITION","mode":"transfer","bytes":2097152,"duration_s":60,"warmup_min_s":10,"iterations":64,"free_bytes":3714056192,"total_bytes":4294967296}
r3-N {"event":"WARMUP_START","utc":1790616001.641232967,"elapsed":0.000000000,"completed":0}
r3-N {"event":"WARMUP_END","utc":1790616011.641434193,"elapsed":10.000195092,"completed":37088}
r3-N {"event":"MEASUREMENT_START","utc":1790616011.641455412,"elapsed":0.000000000,"completed":0}
r3-N {"event":"MEASUREMENT_END","utc":1790616071.641645432,"elapsed":60.000188114,"completed":222850}
r3-N {"event":"RESULT","status":"PASS","mode":"transfer","bytes":2097152,"completed":222850,"elapsed_s":60.000188114,"operations_per_s":3714.155021924,"checked_elements":524288,"mismatches":0}
r3-N {"event":"CONDITION","mode":"query","bytes":1048576,"duration_s":30,"warmup_min_s":10,"iterations":64,"free_bytes":3716153344,"total_bytes":4294967296}
r3-N {"event":"WARMUP_START","utc":1790616071.705486059,"elapsed":0.000000000,"completed":0}
r3-N {"event":"WARMUP_END","utc":1790616081.705495358,"elapsed":10.000004547,"completed":1366070}
r3-N {"event":"MEASUREMENT_START","utc":1790616081.705536366,"elapsed":0.000000000,"completed":0}
r3-N {"event":"MEASUREMENT_END","utc":1790616111.705541372,"elapsed":30.000001644,"completed":5372385}
r3-N {"event":"RESULT","status":"PASS","mode":"query","bytes":1048576,"completed":5372385,"elapsed_s":30.000001644,"operations_per_s":179079.490186341,"checked_elements":262144,"mismatches":0}
r3-N {"event":"CONDITION","mode":"kernel","bytes":1048576,"duration_s":30,"warmup_min_s":10,"iterations":1,"free_bytes":3716153344,"total_bytes":4294967296}
r3-N {"event":"WARMUP_START","utc":1790616113.080595732,"elapsed":0.000000000,"completed":0}
r3-N {"event":"WARMUP_END","utc":1790616123.080607176,"elapsed":10.000005498,"completed":1265752}
r3-N {"event":"MEASUREMENT_START","utc":1790616123.080621958,"elapsed":0.000000000,"completed":0}
r3-N {"event":"MEASUREMENT_END","utc":1790616153.080630302,"elapsed":30.000006201,"completed":3791652}
r3-N {"event":"RESULT","status":"PASS","mode":"kernel","bytes":1048576,"completed":3791652,"elapsed_s":30.000006201,"operations_per_s":126388.373875614,"checked_elements":262144,"mismatches":0}
r3-N {"event":"CONDITION","mode":"copy","bytes":4096,"duration_s":30,"warmup_min_s":10,"iterations":64,"free_bytes":3718242304,"total_bytes":4294967296}
r3-N {"event":"WARMUP_START","utc":1790616154.144449234,"elapsed":0.000000000,"completed":0}
r3-N {"event":"WARMUP_END","utc":1790616164.144467354,"elapsed":10.000011053,"completed":683610}
r3-N {"event":"MEASUREMENT_START","utc":1790616164.144484997,"elapsed":0.000000000,"completed":0}
r3-N {"event":"MEASUREMENT_END","utc":1790616194.144500971,"elapsed":30.000014159,"completed":2048334}
r3-N {"event":"RESULT","status":"PASS","mode":"copy","bytes":4096,"completed":2048334,"elapsed_s":30.000014159,"operations_per_s":68277.767775404,"checked_elements":1024,"mismatches":0}
r3-N {"event":"CONDITION","mode":"copy","bytes":262144,"duration_s":30,"warmup_min_s":10,"iterations":64,"free_bytes":3717726208,"total_bytes":4294967296}
r3-N {"event":"WARMUP_START","utc":1790616194.710371971,"elapsed":0.000000000,"completed":0}
r3-N {"event":"WARMUP_END","utc":1790616204.710384130,"elapsed":10.000007091,"completed":199591}
r3-N {"event":"MEASUREMENT_START","utc":1790616204.710402966,"elapsed":0.000000000,"completed":0}
r3-N {"event":"MEASUREMENT_END","utc":1790616234.710410357,"elapsed":30.000005398,"completed":598591}
r3-N {"event":"RESULT","status":"PASS","mode":"copy","bytes":262144,"completed":598591,"elapsed_s":30.000005398,"operations_per_s":19953.029743154,"checked_elements":65536,"mismatches":0}
{"run_id": "evidence-perf-3-n", "event": "RELEASED", "utc_seconds": 1790616257.2901745}
SESSION_COMPLETE r3-N 1790616257.2906706
SESSION_START r3-T 1790616257.2908773
r3-T {"event":"TRANSPORT","socktype":1,"connection_is_local":0,"shm_enabled":1}
r3-T {"event":"CONDITION","mode":"copy","bytes":4194304,"duration_s":30,"warmup_min_s":10,"iterations":64,"free_bytes":4286578688,"total_bytes":4294967296}
r3-T {"event":"WARMUP_START","utc":1790616345.700587273,"elapsed":0.000000000,"completed":0}
r3-T {"event":"WARMUP_END","utc":1790616355.702252388,"elapsed":10.001644957,"completed":1034}
r3-T {"event":"MEASUREMENT_START","utc":1790616355.702276945,"elapsed":0.000000000,"completed":0}
r3-T {"event":"MEASUREMENT_END","utc":1790616386.604457855,"elapsed":30.000749222,"completed":4902}
r3-T {"event":"RESULT","status":"PASS","mode":"copy","bytes":4194304,"completed":4902,"elapsed_s":30.000749222,"operations_per_s":163.395919339,"checked_elements":1048576,"mismatches":0}
r3-T {"event":"CONDITION","mode":"resident","bytes":2097152,"duration_s":60,"warmup_min_s":10,"iterations":64,"free_bytes":4290772992,"total_bytes":4294967296}
r3-T {"event":"WARMUP_START","utc":1790616386.626580715,"elapsed":0.000000000,"completed":0}
r3-T {"event":"WARMUP_END","utc":1790616396.627435207,"elapsed":10.000843855,"completed":36107}
r3-T {"event":"MEASUREMENT_START","utc":1790616396.627465010,"elapsed":0.000000000,"completed":0}
r3-T {"event":"MEASUREMENT_END","utc":1790616456.629070044,"elapsed":60.001597201,"completed":67506}
r3-T {"event":"RESULT","status":"PASS","mode":"resident","bytes":2097152,"completed":67506,"elapsed_s":60.001597201,"operations_per_s":1125.070050617,"checked_elements":524288,"mismatches":0}
r3-T {"event":"CONDITION","mode":"transfer","bytes":2097152,"duration_s":60,"warmup_min_s":10,"iterations":64,"free_bytes":4290772992,"total_bytes":4294967296}
r3-T {"event":"WARMUP_START","utc":1790616456.715492964,"elapsed":0.000000000,"completed":0}
r3-T {"event":"WARMUP_END","utc":1790616466.715858221,"elapsed":10.000352660,"completed":2328}
r3-T {"event":"MEASUREMENT_START","utc":1790616466.715888739,"elapsed":0.000000000,"completed":0}
r3-T {"event":"MEASUREMENT_END","utc":1790616526.722165823,"elapsed":60.006269721,"completed":8392}
r3-T {"event":"RESULT","status":"PASS","mode":"transfer","bytes":2097152,"completed":8392,"elapsed_s":60.006269721,"operations_per_s":139.852052777,"checked_elements":524288,"mismatches":0}
r3-T {"event":"CONDITION","mode":"query","bytes":1048576,"duration_s":30,"warmup_min_s":10,"iterations":64,"free_bytes":4290772992,"total_bytes":4294967296}
r3-T {"event":"WARMUP_START","utc":1790616526.752295017,"elapsed":0.000000000,"completed":0}
r3-T {"event":"WARMUP_END","utc":1790616536.752780914,"elapsed":10.000465550,"completed":10636}
r3-T {"event":"MEASUREMENT_START","utc":1790616536.752878904,"elapsed":0.000000000,"completed":0}
r3-T {"event":"MEASUREMENT_END","utc":1790616566.753122568,"elapsed":30.000234802,"completed":36749}
r3-T {"event":"RESULT","status":"PASS","mode":"query","bytes":1048576,"completed":36749,"elapsed_s":30.000234802,"operations_per_s":1224.957079254,"checked_elements":262144,"mismatches":0}
r3-T {"event":"CONDITION","mode":"kernel","bytes":1048576,"duration_s":30,"warmup_min_s":10,"iterations":1,"free_bytes":4290772992,"total_bytes":4294967296}
r3-T {"event":"WARMUP_START","utc":1790616566.811011076,"elapsed":0.000000000,"completed":0}
r3-T {"event":"WARMUP_END","utc":1790616576.812700272,"elapsed":10.001669446,"completed":7130}
r3-T {"event":"MEASUREMENT_START","utc":1790616576.812735319,"elapsed":0.000000000,"completed":0}
r3-T {"event":"MEASUREMENT_END","utc":1790616606.813328981,"elapsed":30.000585574,"completed":17967}
r3-T {"event":"RESULT","status":"PASS","mode":"kernel","bytes":1048576,"completed":17967,"elapsed_s":30.000585574,"operations_per_s":598.888310219,"checked_elements":262144,"mismatches":0}
r3-T {"event":"CONDITION","mode":"copy","bytes":4096,"duration_s":30,"warmup_min_s":10,"iterations":64,"free_bytes":4290772992,"total_bytes":4294967296}
r3-T {"event":"WARMUP_START","utc":1790616606.856029987,"elapsed":0.000000000,"completed":0}
r3-T {"event":"WARMUP_END","utc":1790616616.856151581,"elapsed":10.000100345,"completed":2886}
r3-T {"event":"MEASUREMENT_START","utc":1790616616.856219053,"elapsed":0.000000000,"completed":0}
r3-T {"event":"MEASUREMENT_END","utc":1790616646.858934879,"elapsed":30.002706294,"completed":8755}
r3-T {"event":"RESULT","status":"PASS","mode":"copy","bytes":4096,"completed":8755,"elapsed_s":30.002706294,"operations_per_s":291.807009481,"checked_elements":1024,"mismatches":0}
r3-T {"event":"CONDITION","mode":"copy","bytes":262144,"duration_s":30,"warmup_min_s":10,"iterations":64,"free_bytes":4290772992,"total_bytes":4294967296}
r3-T {"event":"WARMUP_START","utc":1790616646.884564877,"elapsed":0.000000000,"completed":0}
r3-T {"event":"WARMUP_END","utc":1790616656.886265516,"elapsed":10.001679951,"completed":2065}
r3-T {"event":"MEASUREMENT_START","utc":1790616656.886304855,"elapsed":0.000000000,"completed":0}
r3-T {"event":"MEASUREMENT_END","utc":1790616686.891511679,"elapsed":30.005199058,"completed":6184}
r3-T {"event":"RESULT","status":"PASS","mode":"copy","bytes":262144,"completed":6184,"elapsed_s":30.005199058,"operations_per_s":206.097616218,"checked_elements":65536,"mismatches":0}
SESSION_COMPLETE r3-T 1790616699.812095
CAMPAIGN_COMPLETE 1790616699.8121397
