GPU 0: NVIDIA RTX PRO 6000 Blackwell Server Edition (UUID: GPU-7d708c42-8d4a-16d5-0746-474567157aa3)
[2026-09-30T14:00:03Z INFO  flyt_node_manager::virt_server_manager] message path: /tmp/flyt-servernode-queue, key: 1115495896 id: 0 proj_id: 66
[2026-09-30T14:00:03Z INFO  flyt_node_manager] Connected to resource manager
[2026-09-30T14:00:03Z INFO  flyt_node_manager::resource_manager_handler] Got send gpu info command
[2026-09-30T14:00:48Z INFO  flyt_node_manager::resource_manager_handler] Got allocate virt server command
[2026-09-30T14:00:48Z INFO  flyt_node_manager::resource_manager_handler] Allocating virt server: gpu_id: 0, num_cores: 188, memory: 4294967296
[2026-09-30T14:00:48Z INFO  flyt_node_manager::virt_server_manager] Starting virt server with rpc_id: 1
[2026-09-30T14:00:48Z INFO  flyt_node_manager::virt_server_manager] Executing command: CUDA_MPS_ENABLE_PER_CTX_DEVICE_MULTIPROCESSOR_PARTITIONING="1" CUDA_VISIBLE_DEVICES="0" "/opt/flyt/bin/cricket-rpc-server" "1" "0" "188" "4294967296" "0"
prg 99 cricker 1 gpu 0 sm 188 mem 4294967296 mode 0
welcome to cricket!
Initialize Metrics called
+00:00:00.000045 [34mINFO[0m:	using TCP...
+00:00:00.000831 [34mINFO[0m:	listening on port 55571
+00:00:00.000939 [34mINFO[0m: initializing server_runtime.	in [4mcpu-server.c:382[0m
+00:00:00.131360 [34mINFO[0m: initializing server_runtime.	in [4mcpu-server.c:388[0m
+00:00:00.131373 [34mINFO[0m: initializing server_runtime.	in [4mcpu-server.c:394[0m
+00:00:00.131376 [34mINFO[0m: initializing server_runtime.	in [4mcpu-server.c:400[0m
+00:00:00.131383 [34mINFO[0m: initializing server_runtime.	in [4mcpu-server.c:422[0m
+00:00:00.131386 [1m[31mERROR[0m:	send_type = 4294967296

+00:00:00.131623 [34mINFO[0m: GPU affinitySupport: 1	in [4mcpu-server-resource-controller.c:82[0m
+00:00:00.219854 [34mINFO[0m: get_next_client resource mgt_get_element returned NULL 	in [4mcpu-server-client-mgr.c:394[0m
+00:00:00.219870 [34mINFO[0m: get_next_client resource mgt_get_element returned NULL 	in [4mcpu-server-client-mgr.c:394[0m
+00:00:00.219873 [34mINFO[0m: Changed SM cores to 188	in [4mcpu-server-resource-controller.c:105[0m
+00:00:00.259212 [34mINFO[0m: initializing server_runtime.	in [4mcpu-server.c:429[0m
+00:00:00.259245 [34mINFO[0m: initializing server_runtime.	in [4mcpu-server.c:437[0m
+00:00:00.259254 [34mINFO[0m:	waiting for RPC requests...
[2026-09-30T14:00:48Z INFO  flyt_node_manager::virt_server_manager] Virt server initialized with rpc_id: 1
[2026-09-30T14:00:48Z INFO  flyt_node_manager::resource_manager_handler] Virt server created: 1
cricket-rpc-server: unexpected event in svc_run
: No such file or directory
+00:00:00.259268 [34mINFO[0m: mqueue_id = 0 type 4294967296 data 3355443200
	in [4mcpu-server-mgr-listener.c:172[0m
set mode = 50
eventfd created 65
get mode = 50
+00:00:00.270509 [34mINFO[0m:	RPC init requested 66
+00:00:00.270605 [34mINFO[0m: added client for pid 2211
	in [4mcpu-server-client-mgr.c:141[0m
+00:00:00.273984 [34mINFO[0m: cudaMalloc 0x7efee3a00000: size: 0x200000
	in [4mcpu-server-dev-mem.c:136[0m
+00:00:00.274713 [34mINFO[0m: cudaMalloc 0x7efee3c00000: size: 0x200000
	in [4mcpu-server-dev-mem.c:136[0m
+00:00:20.316820 [34mINFO[0m: cudaMalloc 0x7efee3a00000: size: 0x200000
	in [4mcpu-server-dev-mem.c:136[0m
+00:00:20.318118 [34mINFO[0m: cudaMalloc 0x7efee3c00000: size: 0x200000
	in [4mcpu-server-dev-mem.c:136[0m
+00:00:40.352253 [34mINFO[0m: cudaMalloc 0x7efee3a00000: size: 0x200000
	in [4mcpu-server-dev-mem.c:136[0m
+00:00:40.353716 [34mINFO[0m: cudaMalloc 0x7efee3c00000: size: 0x200000
	in [4mcpu-server-dev-mem.c:136[0m
+00:01:00.374581 [34mINFO[0m: cudaMalloc 0x7efee3a00000: size: 0x200000
	in [4mcpu-server-dev-mem.c:136[0m
+00:01:00.376036 [34mINFO[0m: cudaMalloc 0x7efee3c00000: size: 0x200000
	in [4mcpu-server-dev-mem.c:136[0m
+00:01:20.423999 [34mINFO[0m: cudaMalloc 0x7efee8c00000: size: 0x1000000
	in [4mcpu-server-dev-mem.c:136[0m
+00:01:20.425742 [34mINFO[0m: cudaMalloc 0x7efeea600000: size: 0x1000000
	in [4mcpu-server-dev-mem.c:136[0m
+00:01:40.520388 [34mINFO[0m: cudaMalloc 0x7efee3a00000: size: 0x200000
	in [4mcpu-server-dev-mem.c:136[0m
+00:01:40.521597 [34mINFO[0m: cudaMalloc 0x7efee3c00000: size: 0x200000
	in [4mcpu-server-dev-mem.c:136[0m
+00:02:20.570250 [34mINFO[0m: cudaMalloc 0x7efee3a00000: size: 0x200000
	in [4mcpu-server-dev-mem.c:136[0m
+00:02:20.571371 [34mINFO[0m: cudaMalloc 0x7efee3c00000: size: 0x200000
	in [4mcpu-server-dev-mem.c:136[0m
+00:03:00.601554 [34mINFO[0m:	RPC deinit requested.
+00:03:00.601634 [34mINFO[0m: Client with xp_fd 66 being removed	in [4mcpu-server-client-mgr.c:306[0m
+00:03:00.601647 [34mINFO[0m: removing client ptr from 2211 
	in [4mcpu-server-client-mgr.c:233[0m
