STEP 1/7: FROM docker.io/nvidia/cuda:12.8.1-cudnn-devel-ubuntu22.04@sha256:ad6d59a3bbf3e82c1c849c9ac09cfc2a3e0bbb8655042fd899be6681b3fe2a85 AS build
STEP 2/7: RUN apt-get update && apt-get install -y --no-install-recommends build-essential cmake && rm -rf /var/lib/apt/lists/*
--> Using cache 4544d711fc958fdc650d849a78521ba6b7b066e4d8faa4c8cb833e9ae6298f22
--> 4544d711fc95
STEP 3/7: COPY runtime/shm /src/runtime/shm
--> f2aadae1eff3
STEP 4/7: COPY experiments/shm-contract /src/experiments/shm-contract
--> 6e2073a89e42
STEP 5/7: COPY experiments/shm-queue /src/experiments/shm-queue
--> e3696893c664
STEP 6/7: COPY experiments/cuda-dispatch /src/experiments/cuda-dispatch
--> 0de8236ef4f2
STEP 7/7: RUN cmake -S /src/runtime/shm -B /build -DCMAKE_BUILD_TYPE=Release -DCMAKE_INSTALL_PREFIX=/opt/flyt     && cmake --build /build --parallel 2 && cmake --install /build
-- The C compiler identification is GNU 11.4.0
-- Detecting C compiler ABI info
-- Detecting C compiler ABI info - done
-- Check for working C compiler: /usr/bin/cc - skipped
-- Detecting C compile features
-- Detecting C compile features - done
-- Looking for pthread.h
-- Looking for pthread.h - found
-- Performing Test CMAKE_HAVE_LIBC_PTHREAD
-- Performing Test CMAKE_HAVE_LIBC_PTHREAD - Success
-- Found Threads: TRUE  
-- Found CUDAToolkit: /usr/local/cuda/include (found suitable version "12.8.93", minimum required is "12.8") 
-- Configuring done
-- Generating done
-- Build files have been written to: /build
[  4%] Building C object queue/CMakeFiles/flyt_shm_queue.dir/src/queue.c.o
[  9%] Building C object exec/CMakeFiles/flyt_cuda_exec.dir/src/exec.c.o
[ 13%] Linking C static library libflyt_cuda_exec.a
[ 13%] Built target flyt_cuda_exec
[ 18%] Building C object exec/CMakeFiles/flyt_cuda_runtime.dir/src/runtime.c.o
[ 22%] Linking C static library libflyt_shm_queue.a
[ 22%] Built target flyt_shm_queue
[ 27%] Linking C static library libflyt_cuda_runtime.a
[ 31%] Building C object CMakeFiles/flyt_mapping.dir/src/mapping.c.o
[ 31%] Built target flyt_cuda_runtime
[ 36%] Linking C static library libflyt_mapping.a
[ 36%] Built target flyt_mapping
[ 40%] Building C object CMakeFiles/flyt_guest.dir/src/guest.c.o
[ 45%] Building C object CMakeFiles/flyt_dispatch.dir/src/dispatch.c.o
[ 50%] Linking C static library libflyt_dispatch.a
[ 50%] Built target flyt_dispatch
[ 54%] Building C object CMakeFiles/flyt_async.dir/src/async.c.o
[ 59%] Building C object CMakeFiles/flyt_guest.dir/src/guest_async.c.o
[ 63%] Building C object CMakeFiles/flyt_async.dir/src/torch.c.o
[ 68%] Building C object CMakeFiles/flyt_guest.dir/src/guest_compat.c.o
[ 72%] Linking C static library libflyt_async.a
[ 72%] Built target flyt_async
[ 77%] Building C object CMakeFiles/flyt_compat.dir/src/compat.c.o
[ 81%] Building C object CMakeFiles/flyt_guest.dir/src/guest_torch.c.o
[ 86%] Linking C static library libflyt_compat.a
[ 86%] Built target flyt_compat
[ 90%] Building C object CMakeFiles/flyt-shm-worker.dir/src/worker.c.o
[ 95%] Linking C executable flyt-shm-worker
[ 95%] Built target flyt-shm-worker
[100%] Linking C shared library libflyt_guest.so
[100%] Built target flyt_guest
-- Install configuration: "Release"
-- Installing: /opt/flyt/bin/flyt-shm-worker
-- Set runtime path of "/opt/flyt/bin/flyt-shm-worker" to ""
-- Installing: /opt/flyt/lib/libflyt_guest.so
COMMIT localhost/flyt-build:stage2-20260928
--> d94699a19c42
Successfully tagged localhost/flyt-build:stage2-20260928
d94699a19c42f78777eb8126bda5f823767801f1c9698d065319bede58dbc7e2
