evidence-s1-terminal-0928b
2026-09-28T14:22:28Z
{"event":"WARMUP_START","utc_seconds":1790605348.839930534,"monotonic_seconds":33.297366568,"completed":0,"elapsed_seconds":0.000000000}
{"event":"WARMUP_END","utc_seconds":1790605358.842921495,"monotonic_seconds":43.300357662,"completed":3533,"elapsed_seconds":10.002921980}
{"event":"MEASUREMENT_START","utc_seconds":1790605358.843012571,"monotonic_seconds":43.300448712,"completed":0,"elapsed_seconds":0.000000000}
{"event":"PROGRESS","utc_seconds":1790605359.045479536,"monotonic_seconds":43.502915667,"completed":71,"elapsed_seconds":0.202466640}
{"event":"PROGRESS","utc_seconds":1790605359.247668505,"monotonic_seconds":43.705104527,"completed":140,"elapsed_seconds":0.404655460}
{"event":"PROGRESS","utc_seconds":1790605359.447921753,"monotonic_seconds":43.905357927,"completed":210,"elapsed_seconds":0.604908892}
{"event":"PROGRESS","utc_seconds":1790605359.650234699,"monotonic_seconds":44.107670722,"completed":281,"elapsed_seconds":0.807221636}
{"event":"PROGRESS","utc_seconds":1790605359.851883173,"monotonic_seconds":44.309319378,"completed":351,"elapsed_seconds":1.008870296}
{"event":"PROGRESS","utc_seconds":1790605360.053246021,"monotonic_seconds":44.510682180,"completed":421,"elapsed_seconds":1.210233120}
{"event":"PROGRESS","utc_seconds":1790605360.254509687,"monotonic_seconds":44.711945774,"completed":488,"elapsed_seconds":1.411496720}
{"event":"PROGRESS","utc_seconds":1790605360.456615925,"monotonic_seconds":44.914052032,"completed":559,"elapsed_seconds":1.613602992}
{"event":"PROGRESS","utc_seconds":1790605360.657727718,"monotonic_seconds":45.115163914,"completed":629,"elapsed_seconds":1.814714852}
{"event":"PROGRESS","utc_seconds":1790605360.857736111,"monotonic_seconds":45.315172122,"completed":698,"elapsed_seconds":2.014723051}
{"event":"PROGRESS","utc_seconds":1790605361.058337927,"monotonic_seconds":45.515774121,"completed":766,"elapsed_seconds":2.215324972}
{"event":"PROGRESS","utc_seconds":1790605361.259202480,"monotonic_seconds":45.716638592,"completed":838,"elapsed_seconds":2.416189483}
{"event":"PROGRESS","utc_seconds":1790605361.461267710,"monotonic_seconds":45.918703787,"completed":911,"elapsed_seconds":2.618254729}
{"event":"PROGRESS","utc_seconds":1790605361.662555695,"monotonic_seconds":46.119991767,"completed":982,"elapsed_seconds":2.819542609}
{"event":"PROGRESS","utc_seconds":1790605361.863886595,"monotonic_seconds":46.321322626,"completed":1052,"elapsed_seconds":3.020873547}
{"event":"PROGRESS","utc_seconds":1790605362.065233469,"monotonic_seconds":46.522669594,"completed":1123,"elapsed_seconds":3.222220511}
{"event":"PROGRESS","utc_seconds":1790605362.266128540,"monotonic_seconds":46.723564728,"completed":1194,"elapsed_seconds":3.423115575}
{"event":"PROGRESS","utc_seconds":1790605362.467302084,"monotonic_seconds":46.924738277,"completed":1266,"elapsed_seconds":3.624289238}
{"event":"PROGRESS","utc_seconds":1790605362.669298649,"monotonic_seconds":47.126734754,"completed":1339,"elapsed_seconds":3.826285698}
{"event":"PROGRESS","utc_seconds":1790605362.871751070,"monotonic_seconds":47.329187212,"completed":1412,"elapsed_seconds":4.028738153}
{"event":"PROGRESS","utc_seconds":1790605363.074171066,"monotonic_seconds":47.531607269,"completed":1485,"elapsed_seconds":4.231158135}
{"event":"PROGRESS","utc_seconds":1790605363.275475740,"monotonic_seconds":47.732911763,"completed":1556,"elapsed_seconds":4.432462672}
{"event":"PROGRESS","utc_seconds":1790605363.476613760,"monotonic_seconds":47.934049884,"completed":1627,"elapsed_seconds":4.633600816}
{"event":"PROGRESS","utc_seconds":1790605363.678631306,"monotonic_seconds":48.136067441,"completed":1699,"elapsed_seconds":4.835618397}
{"event":"PROGRESS","utc_seconds":1790605363.881055355,"monotonic_seconds":48.338491442,"completed":1771,"elapsed_seconds":5.038042397}
{"event":"PROGRESS","utc_seconds":1790605364.082589626,"monotonic_seconds":48.540025813,"completed":1843,"elapsed_seconds":5.239576683}
{"event":"PROGRESS","utc_seconds":1790605364.283953905,"monotonic_seconds":48.741390059,"completed":1916,"elapsed_seconds":5.440941007}
{"event":"PROGRESS","utc_seconds":1790605364.485440016,"monotonic_seconds":48.942876058,"completed":1988,"elapsed_seconds":5.642427008}
{"event":"PROGRESS","utc_seconds":1790605364.686316252,"monotonic_seconds":49.143752343,"completed":2059,"elapsed_seconds":5.843303279}
{"event":"PROGRESS","utc_seconds":1790605364.888552427,"monotonic_seconds":49.345988665,"completed":2129,"elapsed_seconds":6.045539637}
{"event":"PROGRESS","utc_seconds":1790605365.090046406,"monotonic_seconds":49.547482431,"completed":2200,"elapsed_seconds":6.247033380}
{"event":"PROGRESS","utc_seconds":1790605365.290600777,"monotonic_seconds":49.748037008,"completed":2272,"elapsed_seconds":6.447587848}
{"event":"PROGRESS","utc_seconds":1790605365.490749598,"monotonic_seconds":49.948185815,"completed":2342,"elapsed_seconds":6.647736724}
{"event":"PROGRESS","utc_seconds":1790605365.693116188,"monotonic_seconds":50.150552422,"completed":2415,"elapsed_seconds":6.850103314}
{"event":"PROGRESS","utc_seconds":1790605365.893485546,"monotonic_seconds":50.350921623,"completed":2484,"elapsed_seconds":7.050472583}
{"event":"PROGRESS","utc_seconds":1790605366.095950127,"monotonic_seconds":50.553386202,"completed":2556,"elapsed_seconds":7.252937167}
{"event":"PROGRESS","utc_seconds":1790605366.298535585,"monotonic_seconds":50.755971733,"completed":2627,"elapsed_seconds":7.455522596}
{"event":"PROGRESS","utc_seconds":1790605366.498594284,"monotonic_seconds":50.956030514,"completed":2697,"elapsed_seconds":7.655581461}
{"event":"PROGRESS","utc_seconds":1790605366.701317072,"monotonic_seconds":51.158753296,"completed":2766,"elapsed_seconds":7.858304232}
{"event":"PROGRESS","utc_seconds":1790605366.901686668,"monotonic_seconds":51.359122753,"completed":2836,"elapsed_seconds":8.058673691}
{"event":"PROGRESS","utc_seconds":1790605367.104448557,"monotonic_seconds":51.561884722,"completed":2906,"elapsed_seconds":8.261435671}
{"event":"PROGRESS","utc_seconds":1790605367.305857182,"monotonic_seconds":51.763293419,"completed":2978,"elapsed_seconds":8.462844384}
{"event":"PROGRESS","utc_seconds":1790605367.506020784,"monotonic_seconds":51.963457020,"completed":3049,"elapsed_seconds":8.663007776}
{"event":"PROGRESS","utc_seconds":1790605367.707575798,"monotonic_seconds":52.165012013,"completed":3122,"elapsed_seconds":8.864562977}
{"event":"PROGRESS","utc_seconds":1790605367.909981251,"monotonic_seconds":52.367417297,"completed":3195,"elapsed_seconds":9.066968227}
{"event":"PROGRESS","utc_seconds":1790605368.112640858,"monotonic_seconds":52.570076884,"completed":3267,"elapsed_seconds":9.269627830}
{"event":"PROGRESS","utc_seconds":1790605368.313227415,"monotonic_seconds":52.770663454,"completed":3338,"elapsed_seconds":9.470214410}
{"event":"PROGRESS","utc_seconds":1790605368.513830900,"monotonic_seconds":52.971267080,"completed":3410,"elapsed_seconds":9.670817927}
{"event":"PROGRESS","utc_seconds":1790605368.714331865,"monotonic_seconds":53.171768088,"completed":3482,"elapsed_seconds":9.871319039}
{"event":"PROGRESS","utc_seconds":1790605368.916975737,"monotonic_seconds":53.374411900,"completed":3554,"elapsed_seconds":10.073962832}
{"event":"PROGRESS","utc_seconds":1790605369.118604660,"monotonic_seconds":53.576040856,"completed":3626,"elapsed_seconds":10.275591715}
{"event":"PROGRESS","utc_seconds":1790605369.321287632,"monotonic_seconds":53.778723727,"completed":3697,"elapsed_seconds":10.478274678}
{"event":"PROGRESS","utc_seconds":1790605369.523904800,"monotonic_seconds":53.981341031,"completed":3770,"elapsed_seconds":10.680891968}
{"event":"PROGRESS","utc_seconds":1790605369.723907948,"monotonic_seconds":54.181343955,"completed":3841,"elapsed_seconds":10.880894902}
{"event":"PROGRESS","utc_seconds":1790605369.924256086,"monotonic_seconds":54.381692217,"completed":3911,"elapsed_seconds":11.081243164}
{"event":"PROGRESS","utc_seconds":1790605370.126626015,"monotonic_seconds":54.584062083,"completed":3984,"elapsed_seconds":11.283612903}
{"event":"PROGRESS","utc_seconds":1790605370.327835560,"monotonic_seconds":54.785271733,"completed":4055,"elapsed_seconds":11.484822696}
{"event":"PROGRESS","utc_seconds":1790605370.530111074,"monotonic_seconds":54.987547159,"completed":4127,"elapsed_seconds":11.687098028}
{"event":"PROGRESS","utc_seconds":1790605370.730398178,"monotonic_seconds":55.187834301,"completed":4198,"elapsed_seconds":11.887385168}
{"event":"PROGRESS","utc_seconds":1790605370.931430817,"monotonic_seconds":55.388866831,"completed":4268,"elapsed_seconds":12.088417739}
{"event":"PROGRESS","utc_seconds":1790605371.133706808,"monotonic_seconds":55.591142814,"completed":4338,"elapsed_seconds":12.290693765}
{"event":"PROGRESS","utc_seconds":1790605371.334629774,"monotonic_seconds":55.792065913,"completed":4409,"elapsed_seconds":12.491616725}
{"event":"PROGRESS","utc_seconds":1790605371.536812305,"monotonic_seconds":55.994248333,"completed":4482,"elapsed_seconds":12.693799281}
{"event":"PROGRESS","utc_seconds":1790605371.738416910,"monotonic_seconds":56.195852928,"completed":4553,"elapsed_seconds":12.895403840}
{"event":"PROGRESS","utc_seconds":1790605371.939704180,"monotonic_seconds":56.397140363,"completed":4625,"elapsed_seconds":13.096691316}
{"event":"PROGRESS","utc_seconds":1790605372.141001701,"monotonic_seconds":56.598437923,"completed":4696,"elapsed_seconds":13.297988882}
{"event":"PROGRESS","utc_seconds":1790605372.343580246,"monotonic_seconds":56.801016260,"completed":4764,"elapsed_seconds":13.500567213}
{"event":"PROGRESS","utc_seconds":1790605372.544809818,"monotonic_seconds":57.002246043,"completed":4836,"elapsed_seconds":13.701797060}
{"event":"PROGRESS","utc_seconds":1790605372.744838953,"monotonic_seconds":57.202275077,"completed":4906,"elapsed_seconds":13.901826025}
{"event":"PROGRESS","utc_seconds":1790605372.946609259,"monotonic_seconds":57.404045431,"completed":4977,"elapsed_seconds":14.103596392}
{"event":"PROGRESS","utc_seconds":1790605373.147678137,"monotonic_seconds":57.605114187,"completed":5049,"elapsed_seconds":14.304665142}
{"event":"PROGRESS","utc_seconds":1790605373.347800732,"monotonic_seconds":57.805236851,"completed":5122,"elapsed_seconds":14.504787814}
{"event":"PROGRESS","utc_seconds":1790605373.550105572,"monotonic_seconds":58.007541608,"completed":5191,"elapsed_seconds":14.707092553}
{"event":"PROGRESS","utc_seconds":1790605373.750502586,"monotonic_seconds":58.207938723,"completed":5261,"elapsed_seconds":14.907489684}
{"event":"PROGRESS","utc_seconds":1790605373.951567173,"monotonic_seconds":58.409003330,"completed":5334,"elapsed_seconds":15.108554284}
{"event":"PROGRESS","utc_seconds":1790605374.154336452,"monotonic_seconds":58.611772596,"completed":5405,"elapsed_seconds":15.311323536}
{"event":"PROGRESS","utc_seconds":1790605374.354627132,"monotonic_seconds":58.812063164,"completed":5473,"elapsed_seconds":15.511614057}
{"event":"PROGRESS","utc_seconds":1790605374.557316780,"monotonic_seconds":59.014752784,"completed":5545,"elapsed_seconds":15.714303805}
{"event":"PROGRESS","utc_seconds":1790605374.759757757,"monotonic_seconds":59.217193843,"completed":5618,"elapsed_seconds":15.916744847}
{"event":"PROGRESS","utc_seconds":1790605374.961938143,"monotonic_seconds":59.419374342,"completed":5689,"elapsed_seconds":16.118925285}
{"event":"PROGRESS","utc_seconds":1790605375.163881540,"monotonic_seconds":59.621317681,"completed":5757,"elapsed_seconds":16.320868695}
{"event":"PROGRESS","utc_seconds":1790605375.365218163,"monotonic_seconds":59.822654313,"completed":5828,"elapsed_seconds":16.522205267}
{"event":"PROGRESS","utc_seconds":1790605375.566478014,"monotonic_seconds":60.023914202,"completed":5901,"elapsed_seconds":16.723465170}
{"event":"PROGRESS","utc_seconds":1790605375.768959045,"monotonic_seconds":60.226395095,"completed":5972,"elapsed_seconds":16.925946089}
{"event":"PROGRESS","utc_seconds":1790605375.971315861,"monotonic_seconds":60.428751928,"completed":6044,"elapsed_seconds":17.128302889}
{"event":"PROGRESS","utc_seconds":1790605376.171900034,"monotonic_seconds":60.629336238,"completed":6117,"elapsed_seconds":17.328887218}
{"event":"PROGRESS","utc_seconds":1790605376.374397993,"monotonic_seconds":60.831834234,"completed":6188,"elapsed_seconds":17.531385147}
{"event":"PROGRESS","utc_seconds":1790605376.576439381,"monotonic_seconds":61.033875430,"completed":6261,"elapsed_seconds":17.733426441}
{"event":"PROGRESS","utc_seconds":1790605376.777037382,"monotonic_seconds":61.234473399,"completed":6333,"elapsed_seconds":17.934024403}
{"event":"PROGRESS","utc_seconds":1790605376.978304386,"monotonic_seconds":61.435740483,"completed":6404,"elapsed_seconds":18.135291462}
{"event":"PROGRESS","utc_seconds":1790605377.178330898,"monotonic_seconds":61.635766961,"completed":6473,"elapsed_seconds":18.335317959}
{"event":"PROGRESS","utc_seconds":1790605377.380913973,"monotonic_seconds":61.838350172,"completed":6544,"elapsed_seconds":18.537901145}
{"event":"PROGRESS","utc_seconds":1790605377.581285477,"monotonic_seconds":62.038721519,"completed":6614,"elapsed_seconds":18.738272529}
{"event":"PROGRESS","utc_seconds":1790605377.781879663,"monotonic_seconds":62.239315878,"completed":6685,"elapsed_seconds":18.938866893}
{"event":"PROGRESS","utc_seconds":1790605377.982213736,"monotonic_seconds":62.439649789,"completed":6757,"elapsed_seconds":19.139200671}
{"event":"PROGRESS","utc_seconds":1790605378.183608770,"monotonic_seconds":62.641044901,"completed":6828,"elapsed_seconds":19.340595906}
{"event":"PROGRESS","utc_seconds":1790605378.386313677,"monotonic_seconds":62.843749790,"completed":6897,"elapsed_seconds":19.543300759}
{"event":"PROGRESS","utc_seconds":1790605378.586617947,"monotonic_seconds":63.044054095,"completed":6968,"elapsed_seconds":19.743605060}
{"event":"PROGRESS","utc_seconds":1790605378.787889004,"monotonic_seconds":63.245325213,"completed":7038,"elapsed_seconds":19.944876197}
{"event":"PROGRESS","utc_seconds":1790605378.990237236,"monotonic_seconds":63.447673472,"completed":7110,"elapsed_seconds":20.147224383}
{"event":"PROGRESS","utc_seconds":1790605379.191923141,"monotonic_seconds":63.649359344,"completed":7180,"elapsed_seconds":20.348910303}
{"event":"PROGRESS","utc_seconds":1790605379.392824888,"monotonic_seconds":63.850261119,"completed":7251,"elapsed_seconds":20.549812130}
{"event":"PROGRESS","utc_seconds":1790605379.594489336,"monotonic_seconds":64.051925485,"completed":7323,"elapsed_seconds":20.751476436}
{"event":"PROGRESS","utc_seconds":1790605379.795508862,"monotonic_seconds":64.252944945,"completed":7393,"elapsed_seconds":20.952495955}
{"event":"PROGRESS","utc_seconds":1790605379.996506929,"monotonic_seconds":64.453943111,"completed":7463,"elapsed_seconds":21.153494110}
{"event":"PROGRESS","utc_seconds":1790605380.198133707,"monotonic_seconds":64.655569936,"completed":7532,"elapsed_seconds":21.355120902}
{"event":"PROGRESS","utc_seconds":1790605380.400960922,"monotonic_seconds":64.858397071,"completed":7604,"elapsed_seconds":21.557948053}
{"event":"PROGRESS","utc_seconds":1790605380.603416443,"monotonic_seconds":65.060852525,"completed":7677,"elapsed_seconds":21.760403553}
{"event":"PROGRESS","utc_seconds":1790605380.805194855,"monotonic_seconds":65.262630884,"completed":7748,"elapsed_seconds":21.962181899}
{"event":"PROGRESS","utc_seconds":1790605381.007743597,"monotonic_seconds":65.465179816,"completed":7820,"elapsed_seconds":22.164730828}
{"event":"PROGRESS","utc_seconds":1790605381.209082603,"monotonic_seconds":65.666518604,"completed":7891,"elapsed_seconds":22.366069623}
{"event":"PROGRESS","utc_seconds":1790605381.410212755,"monotonic_seconds":65.867648859,"completed":7960,"elapsed_seconds":22.567199764}
{"event":"PROGRESS","utc_seconds":1790605381.612848043,"monotonic_seconds":66.070284248,"completed":8032,"elapsed_seconds":22.769835264}
{"event":"PROGRESS","utc_seconds":1790605381.816679478,"monotonic_seconds":66.274115637,"completed":8102,"elapsed_seconds":22.973666642}
{"event":"PROGRESS","utc_seconds":1790605382.018125057,"monotonic_seconds":66.475561211,"completed":8172,"elapsed_seconds":23.175112236}
{"event":"PROGRESS","utc_seconds":1790605382.219413757,"monotonic_seconds":66.676849826,"completed":8243,"elapsed_seconds":23.376400831}
{"event":"PROGRESS","utc_seconds":1790605382.419464588,"monotonic_seconds":66.876900801,"completed":8314,"elapsed_seconds":23.576451812}
{"event":"PROGRESS","utc_seconds":1790605382.621189833,"monotonic_seconds":67.078625928,"completed":8388,"elapsed_seconds":23.778176928}
{"event":"PROGRESS","utc_seconds":1790605382.822198868,"monotonic_seconds":67.279634914,"completed":8461,"elapsed_seconds":23.979185907}
{"event":"PROGRESS","utc_seconds":1790605383.022273779,"monotonic_seconds":67.479709880,"completed":8531,"elapsed_seconds":24.179260795}
{"event":"PROGRESS","utc_seconds":1790605383.223510981,"monotonic_seconds":67.680947056,"completed":8604,"elapsed_seconds":24.380498059}
{"event":"PROGRESS","utc_seconds":1790605383.423561096,"monotonic_seconds":67.880997175,"completed":8676,"elapsed_seconds":24.580548122}
{"event":"PROGRESS","utc_seconds":1790605383.626172543,"monotonic_seconds":68.083608573,"completed":8749,"elapsed_seconds":24.783159465}
{"event":"PROGRESS","utc_seconds":1790605383.826968908,"monotonic_seconds":68.284404909,"completed":8819,"elapsed_seconds":24.983955898}
{"event":"PROGRESS","utc_seconds":1790605384.028837919,"monotonic_seconds":68.486273930,"completed":8890,"elapsed_seconds":25.185824941}
{"event":"PROGRESS","utc_seconds":1790605384.231371403,"monotonic_seconds":68.688807577,"completed":8959,"elapsed_seconds":25.388358552}
{"event":"PROGRESS","utc_seconds":1790605384.431887150,"monotonic_seconds":68.889323254,"completed":9028,"elapsed_seconds":25.588874272}
{"event":"PROGRESS","utc_seconds":1790605384.633420467,"monotonic_seconds":69.090856476,"completed":9097,"elapsed_seconds":25.790407489}
{"event":"PROGRESS","utc_seconds":1790605384.835613012,"monotonic_seconds":69.293049218,"completed":9168,"elapsed_seconds":25.992600246}
{"event":"PROGRESS","utc_seconds":1790605385.037711143,"monotonic_seconds":69.495147369,"completed":9238,"elapsed_seconds":26.194698355}
{"event":"PROGRESS","utc_seconds":1790605385.239784956,"monotonic_seconds":69.697221007,"completed":9311,"elapsed_seconds":26.396772017}
{"event":"PROGRESS","utc_seconds":1790605385.443616152,"monotonic_seconds":69.901052203,"completed":9384,"elapsed_seconds":26.600603216}
{"event":"PROGRESS","utc_seconds":1790605385.643896818,"monotonic_seconds":70.101332830,"completed":9455,"elapsed_seconds":26.800883796}
{"event":"PROGRESS","utc_seconds":1790605385.846421957,"monotonic_seconds":70.303857966,"completed":9529,"elapsed_seconds":27.003408960}
{"event":"PROGRESS","utc_seconds":1790605386.047776937,"monotonic_seconds":70.505212961,"completed":9602,"elapsed_seconds":27.204763975}
{"event":"PROGRESS","utc_seconds":1790605386.249175787,"monotonic_seconds":70.706611919,"completed":9675,"elapsed_seconds":27.406162928}
{"event":"PROGRESS","utc_seconds":1790605386.451396227,"monotonic_seconds":70.908832354,"completed":9748,"elapsed_seconds":27.608383273}
{"event":"PROGRESS","utc_seconds":1790605386.654129028,"monotonic_seconds":71.111565192,"completed":9816,"elapsed_seconds":27.811116072}
{"event":"PROGRESS","utc_seconds":1790605386.854291916,"monotonic_seconds":71.311728035,"completed":9887,"elapsed_seconds":28.011278935}
{"event":"PROGRESS","utc_seconds":1790605387.055604458,"monotonic_seconds":71.513040658,"completed":9960,"elapsed_seconds":28.212591648}
{"event":"PROGRESS","utc_seconds":1790605387.258219004,"monotonic_seconds":71.715655176,"completed":10031,"elapsed_seconds":28.415206083}
{"event":"PROGRESS","utc_seconds":1790605387.461013317,"monotonic_seconds":71.918449412,"completed":10103,"elapsed_seconds":28.618000423}
{"event":"PROGRESS","utc_seconds":1790605387.661264658,"monotonic_seconds":72.118700722,"completed":10173,"elapsed_seconds":28.818251700}
{"event":"PROGRESS","utc_seconds":1790605387.863753319,"monotonic_seconds":72.321189483,"completed":10247,"elapsed_seconds":29.020740492}
{"event":"PROGRESS","utc_seconds":1790605388.064927816,"monotonic_seconds":72.522364044,"completed":10317,"elapsed_seconds":29.221915016}
{"event":"PROGRESS","utc_seconds":1790605388.265621424,"monotonic_seconds":72.723057501,"completed":10387,"elapsed_seconds":29.422608486}
{"event":"PROGRESS","utc_seconds":1790605388.467652798,"monotonic_seconds":72.925088877,"completed":10457,"elapsed_seconds":29.624639899}
{"event":"PROGRESS","utc_seconds":1790605388.669238329,"monotonic_seconds":73.126674408,"completed":10527,"elapsed_seconds":29.826225414}
{"event":"PROGRESS","utc_seconds":1790605388.872209311,"monotonic_seconds":73.329645412,"completed":10598,"elapsed_seconds":30.029196419}
{"event":"PROGRESS","utc_seconds":1790605389.075345993,"monotonic_seconds":73.532782209,"completed":10669,"elapsed_seconds":30.232333229}
{"event":"PROGRESS","utc_seconds":1790605389.277599573,"monotonic_seconds":73.735035744,"completed":10740,"elapsed_seconds":30.434586742}
{"event":"PROGRESS","utc_seconds":1790605389.478524208,"monotonic_seconds":73.935960364,"completed":10810,"elapsed_seconds":30.635511262}
{"event":"PROGRESS","utc_seconds":1790605389.680044174,"monotonic_seconds":74.137480366,"completed":10880,"elapsed_seconds":30.837031364}
{"event":"PROGRESS","utc_seconds":1790605389.882125378,"monotonic_seconds":74.339561410,"completed":10951,"elapsed_seconds":31.039112416}
{"event":"PROGRESS","utc_seconds":1790605390.084229946,"monotonic_seconds":74.541665963,"completed":11022,"elapsed_seconds":31.241216965}
{"event":"PROGRESS","utc_seconds":1790605390.286368370,"monotonic_seconds":74.743804601,"completed":11094,"elapsed_seconds":31.443355489}
{"event":"PROGRESS","utc_seconds":1790605390.486549616,"monotonic_seconds":74.943985626,"completed":11165,"elapsed_seconds":31.643536446}
{"event":"PROGRESS","utc_seconds":1790605390.689315796,"monotonic_seconds":75.146751991,"completed":11238,"elapsed_seconds":31.846302986}
{"event":"PROGRESS","utc_seconds":1790605390.891744137,"monotonic_seconds":75.349180274,"completed":11310,"elapsed_seconds":32.048731239}
{"event":"PROGRESS","utc_seconds":1790605391.093059063,"monotonic_seconds":75.550495261,"completed":11381,"elapsed_seconds":32.250046267}
{"event":"PROGRESS","utc_seconds":1790605391.294634104,"monotonic_seconds":75.752070281,"completed":11454,"elapsed_seconds":32.451621163}
{"event":"PROGRESS","utc_seconds":1790605391.496112823,"monotonic_seconds":75.953549020,"completed":11525,"elapsed_seconds":32.653099989}
{"event":"PROGRESS","utc_seconds":1790605391.697045088,"monotonic_seconds":76.154481203,"completed":11596,"elapsed_seconds":32.854032166}
{"event":"PROGRESS","utc_seconds":1790605391.898469448,"monotonic_seconds":76.355905598,"completed":11668,"elapsed_seconds":33.055456533}
{"event":"PROGRESS","utc_seconds":1790605392.100852013,"monotonic_seconds":76.558288016,"completed":11741,"elapsed_seconds":33.257839026}
{"event":"PROGRESS","utc_seconds":1790605392.302497149,"monotonic_seconds":76.759933200,"completed":11814,"elapsed_seconds":33.459484089}
{"event":"PROGRESS","utc_seconds":1790605392.503769636,"monotonic_seconds":76.961205755,"completed":11887,"elapsed_seconds":33.660756754}
{"event":"PROGRESS","utc_seconds":1790605392.705164909,"monotonic_seconds":77.162601093,"completed":11959,"elapsed_seconds":33.862152102}
{"event":"PROGRESS","utc_seconds":1790605392.905262709,"monotonic_seconds":77.362698904,"completed":12032,"elapsed_seconds":34.062249898}
{"event":"PROGRESS","utc_seconds":1790605393.106397390,"monotonic_seconds":77.563833439,"completed":12104,"elapsed_seconds":34.263384404}
{"event":"PROGRESS","utc_seconds":1790605393.309092760,"monotonic_seconds":77.766528986,"completed":12177,"elapsed_seconds":34.466079955}
{"event":"PROGRESS","utc_seconds":1790605393.510301113,"monotonic_seconds":77.967737286,"completed":12249,"elapsed_seconds":34.667288173}
{"event":"PROGRESS","utc_seconds":1790605393.712683201,"monotonic_seconds":78.170119431,"completed":12320,"elapsed_seconds":34.869670454}
{"event":"PROGRESS","utc_seconds":1790605393.915484667,"monotonic_seconds":78.372920873,"completed":12391,"elapsed_seconds":35.072471876}
{"event":"PROGRESS","utc_seconds":1790605394.118188143,"monotonic_seconds":78.575624368,"completed":12463,"elapsed_seconds":35.275175366}
{"event":"PROGRESS","utc_seconds":1790605394.319907427,"monotonic_seconds":78.777343640,"completed":12533,"elapsed_seconds":35.476894637}
{"event":"PROGRESS","utc_seconds":1790605394.520959616,"monotonic_seconds":78.978395801,"completed":12605,"elapsed_seconds":35.677946799}
{"event":"PROGRESS","utc_seconds":1790605394.724642277,"monotonic_seconds":79.182078331,"completed":12674,"elapsed_seconds":35.881629336}
{"event":"PROGRESS","utc_seconds":1790605394.926376104,"monotonic_seconds":79.383812221,"completed":12744,"elapsed_seconds":36.083363167}
{"event":"PROGRESS","utc_seconds":1790605395.127720594,"monotonic_seconds":79.585156601,"completed":12813,"elapsed_seconds":36.284707623}
{"event":"PROGRESS","utc_seconds":1790605395.330282688,"monotonic_seconds":79.787718919,"completed":12885,"elapsed_seconds":36.487269927}
{"event":"PROGRESS","utc_seconds":1790605395.533044100,"monotonic_seconds":79.990480236,"completed":12955,"elapsed_seconds":36.690031239}
{"event":"PROGRESS","utc_seconds":1790605395.734627008,"monotonic_seconds":80.192063078,"completed":13024,"elapsed_seconds":36.891613888}
{"event":"PROGRESS","utc_seconds":1790605395.935127974,"monotonic_seconds":80.392564054,"completed":13094,"elapsed_seconds":37.092115070}
{"event":"PROGRESS","utc_seconds":1790605396.135830879,"monotonic_seconds":80.593266900,"completed":13165,"elapsed_seconds":37.292817884}
{"event":"PROGRESS","utc_seconds":1790605396.337327242,"monotonic_seconds":80.794763353,"completed":13236,"elapsed_seconds":37.494314299}
{"event":"PROGRESS","utc_seconds":1790605396.539759159,"monotonic_seconds":80.997195308,"completed":13306,"elapsed_seconds":37.696746311}
{"event":"PROGRESS","utc_seconds":1790605396.742381334,"monotonic_seconds":81.199817362,"completed":13377,"elapsed_seconds":37.899368256}
{"event":"PROGRESS","utc_seconds":1790605396.943555832,"monotonic_seconds":81.400991925,"completed":13450,"elapsed_seconds":38.100542804}
{"event":"PROGRESS","utc_seconds":1790605397.145056486,"monotonic_seconds":81.602492699,"completed":13524,"elapsed_seconds":38.302043709}
{"event":"PROGRESS","utc_seconds":1790605397.345292568,"monotonic_seconds":81.802728722,"completed":13595,"elapsed_seconds":38.502279689}
{"event":"PROGRESS","utc_seconds":1790605397.545399666,"monotonic_seconds":82.002835742,"completed":13665,"elapsed_seconds":38.702386780}
{"event":"PROGRESS","utc_seconds":1790605397.746369839,"monotonic_seconds":82.203806077,"completed":13737,"elapsed_seconds":38.903356971}
{"event":"PROGRESS","utc_seconds":1790605397.947463274,"monotonic_seconds":82.404899424,"completed":13809,"elapsed_seconds":39.104450435}
{"event":"PROGRESS","utc_seconds":1790605398.148948669,"monotonic_seconds":82.606384702,"completed":13882,"elapsed_seconds":39.305935716}
{"event":"PROGRESS","utc_seconds":1790605398.350179911,"monotonic_seconds":82.807616068,"completed":13954,"elapsed_seconds":39.507167048}
{"event":"PROGRESS","utc_seconds":1790605398.550704718,"monotonic_seconds":83.008140836,"completed":14023,"elapsed_seconds":39.707691827}
{"event":"PROGRESS","utc_seconds":1790605398.752442122,"monotonic_seconds":83.209878198,"completed":14095,"elapsed_seconds":39.909429196}
{"event":"PROGRESS","utc_seconds":1790605398.953134775,"monotonic_seconds":83.410570904,"completed":14164,"elapsed_seconds":40.110121866}
{"event":"PROGRESS","utc_seconds":1790605399.155046940,"monotonic_seconds":83.612483156,"completed":14232,"elapsed_seconds":40.312034332}
{"event":"PROGRESS","utc_seconds":1790605399.356719732,"monotonic_seconds":83.814155788,"completed":14303,"elapsed_seconds":40.513706806}
{"event":"PROGRESS","utc_seconds":1790605399.559027195,"monotonic_seconds":84.016463420,"completed":14374,"elapsed_seconds":40.716014431}
{"event":"PROGRESS","utc_seconds":1790605399.761845827,"monotonic_seconds":84.219281865,"completed":14445,"elapsed_seconds":40.918832848}
{"event":"PROGRESS","utc_seconds":1790605399.962620497,"monotonic_seconds":84.420056530,"completed":14516,"elapsed_seconds":41.119607527}
{"event":"PROGRESS","utc_seconds":1790605400.165335655,"monotonic_seconds":84.622771811,"completed":14585,"elapsed_seconds":41.322322815}
{"event":"PROGRESS","utc_seconds":1790605400.365340710,"monotonic_seconds":84.822776773,"completed":14655,"elapsed_seconds":41.522327791}
{"event":"PROGRESS","utc_seconds":1790605400.568221569,"monotonic_seconds":85.025657799,"completed":14726,"elapsed_seconds":41.725208755}
{"event":"PROGRESS","utc_seconds":1790605400.770210028,"monotonic_seconds":85.227646034,"completed":14797,"elapsed_seconds":41.927197042}
{"event":"PROGRESS","utc_seconds":1790605400.971540689,"monotonic_seconds":85.428976697,"completed":14868,"elapsed_seconds":42.128527707}
{"event":"PROGRESS","utc_seconds":1790605401.171960831,"monotonic_seconds":85.629396973,"completed":14938,"elapsed_seconds":42.328947977}
{"event":"PROGRESS","utc_seconds":1790605401.373246193,"monotonic_seconds":85.830682379,"completed":15010,"elapsed_seconds":42.530233379}
{"event":"PROGRESS","utc_seconds":1790605401.573377609,"monotonic_seconds":86.030813678,"completed":15083,"elapsed_seconds":42.730364660}
{"event":"PROGRESS","utc_seconds":1790605401.774484634,"monotonic_seconds":86.231920776,"completed":15155,"elapsed_seconds":42.931471660}
{"event":"PROGRESS","utc_seconds":1790605401.975823879,"monotonic_seconds":86.433260030,"completed":15227,"elapsed_seconds":43.132811033}
{"event":"PROGRESS","utc_seconds":1790605402.177262545,"monotonic_seconds":86.634698738,"completed":15301,"elapsed_seconds":43.334249719}
{"event":"PROGRESS","utc_seconds":1790605402.379732132,"monotonic_seconds":86.837168182,"completed":15374,"elapsed_seconds":43.536719200}
{"event":"PROGRESS","utc_seconds":1790605402.580205441,"monotonic_seconds":87.037641462,"completed":15445,"elapsed_seconds":43.737192456}
{"event":"PROGRESS","utc_seconds":1790605402.782360077,"monotonic_seconds":87.239796284,"completed":15517,"elapsed_seconds":43.939347280}
{"event":"PROGRESS","utc_seconds":1790605402.984413624,"monotonic_seconds":87.441849763,"completed":15588,"elapsed_seconds":44.141400721}
{"event":"PROGRESS","utc_seconds":1790605403.185134888,"monotonic_seconds":87.642571018,"completed":15658,"elapsed_seconds":44.342122037}
{"event":"PROGRESS","utc_seconds":1790605403.386279821,"monotonic_seconds":87.843715904,"completed":15730,"elapsed_seconds":44.543266787}
{"event":"PROGRESS","utc_seconds":1790605403.587610722,"monotonic_seconds":88.045046876,"completed":15802,"elapsed_seconds":44.744597855}
{"event":"PROGRESS","utc_seconds":1790605403.788999081,"monotonic_seconds":88.246435102,"completed":15873,"elapsed_seconds":44.945986116}
{"event":"MEASUREMENT_END","utc_seconds":1790605403.844590425,"monotonic_seconds":88.302026567,"completed":15893,"elapsed_seconds":45.001577854}
{"event":"RESULT","status":"PASS","kind":"integer","mode":"resident","seed":2030,"iterations":64,"completed":15893,"elapsed_seconds":45.001577854,"throughput":353.165394590,"checked_elements":524288,"mismatches":0,"nonfinite":0,"max_absolute_error":0,"max_relative_error":0,"reference_generation":false,"utc_seconds":1790605403.903471470}
