GPU 0: NVIDIA RTX PRO 6000 Blackwell Server Edition (UUID: GPU-7d708c42-8d4a-16d5-0746-474567157aa3)
[2026-09-28T16:51:28Z INFO  flyt_node_manager::virt_server_manager] message path: /tmp/flyt-servernode-queue, key: 1123354132 id: 0 proj_id: 66
[2026-09-28T16:51:28Z INFO  flyt_node_manager] Connected to resource manager
[2026-09-28T16:51:28Z INFO  flyt_node_manager::resource_manager_handler] Got send gpu info command
[2026-09-28T16:52:11Z INFO  flyt_node_manager::resource_manager_handler] Got allocate virt server command
[2026-09-28T16:52:11Z INFO  flyt_node_manager::resource_manager_handler] Allocating virt server: gpu_id: 0, num_cores: 188, memory: 4294967296
[2026-09-28T16:52:11Z INFO  flyt_node_manager::virt_server_manager] Starting virt server with rpc_id: 1
[2026-09-28T16:52:11Z INFO  flyt_node_manager::virt_server_manager] Executing command: CUDA_MPS_ENABLE_PER_CTX_DEVICE_MULTIPROCESSOR_PARTITIONING="1" CUDA_VISIBLE_DEVICES="0" "/opt/flyt/bin/cricket-rpc-server" "1" "0" "188" "4294967296" "0"
prg 99 cricker 1 gpu 0 sm 188 mem 4294967296 mode 0
welcome to cricket!
Initialize Metrics called
+00:00:00.000038 [34mINFO[0m:	using TCP...
+00:00:00.000854 [34mINFO[0m:	listening on port 55651
+00:00:00.000966 [34mINFO[0m: initializing server_runtime.	in [4mcpu-server.c:382[0m
+00:00:00.133098 [34mINFO[0m: initializing server_runtime.	in [4mcpu-server.c:388[0m
+00:00:00.133113 [34mINFO[0m: initializing server_runtime.	in [4mcpu-server.c:394[0m
+00:00:00.133116 [34mINFO[0m: initializing server_runtime.	in [4mcpu-server.c:400[0m
+00:00:00.133122 [34mINFO[0m: initializing server_runtime.	in [4mcpu-server.c:422[0m
+00:00:00.133125 [1m[31mERROR[0m:	send_type = 4294967296

+00:00:00.133382 [34mINFO[0m: GPU affinitySupport: 1	in [4mcpu-server-resource-controller.c:82[0m
+00:00:00.219911 [34mINFO[0m: get_next_client resource mgt_get_element returned NULL 	in [4mcpu-server-client-mgr.c:394[0m
+00:00:00.219928 [34mINFO[0m: get_next_client resource mgt_get_element returned NULL 	in [4mcpu-server-client-mgr.c:394[0m
+00:00:00.219931 [34mINFO[0m: Changed SM cores to 188	in [4mcpu-server-resource-controller.c:105[0m
+00:00:00.251917 [34mINFO[0m: initializing server_runtime.	in [4mcpu-server.c:429[0m
+00:00:00.251952 [34mINFO[0m: initializing server_runtime.	in [4mcpu-server.c:437[0m
+00:00:00.251961 [34mINFO[0m:	waiting for RPC requests...
[2026-09-28T16:52:12Z INFO  flyt_node_manager::virt_server_manager] Virt server initialized with rpc_id: 1
[2026-09-28T16:52:12Z INFO  flyt_node_manager::resource_manager_handler] Virt server created: 1
cricket-rpc-server: unexpected event in svc_run
: No such file or directory
+00:00:00.251975 [34mINFO[0m: mqueue_id = 0 type 4294967296 data 3355443200
	in [4mcpu-server-mgr-listener.c:172[0m
set mode = 50
eventfd created 65
get mode = 50
+00:00:00.265283 [34mINFO[0m:	RPC init requested 66
+00:00:00.265363 [34mINFO[0m: added client for pid 2082
	in [4mcpu-server-client-mgr.c:141[0m
+00:00:00.266994 [34mINFO[0m: cudaMalloc 0x7a1177a00000: size: 0x200000
	in [4mcpu-server-dev-mem.c:136[0m
+00:00:00.268021 [34mINFO[0m: cudaMalloc 0x7a1177c00000: size: 0x200000
	in [4mcpu-server-dev-mem.c:136[0m
+00:00:40.296817 [34mINFO[0m: cudaMalloc 0x7a1177a00000: size: 0x200000
	in [4mcpu-server-dev-mem.c:136[0m
+00:00:40.298049 [34mINFO[0m: cudaMalloc 0x7a1177c00000: size: 0x200000
	in [4mcpu-server-dev-mem.c:136[0m
+00:01:20.367893 [34mINFO[0m: cudaMalloc 0x7a1177a00000: size: 0x400000
	in [4mcpu-server-dev-mem.c:136[0m
+00:01:20.369497 [34mINFO[0m: cudaMalloc 0x7a117cc00000: size: 0x400000
	in [4mcpu-server-dev-mem.c:136[0m
+00:02:00.415178 [34mINFO[0m: cudaMalloc 0x7a1177a00000: size: 0x200000
	in [4mcpu-server-dev-mem.c:136[0m
+00:02:00.416447 [34mINFO[0m: cudaMalloc 0x7a1177c00000: size: 0x200000
	in [4mcpu-server-dev-mem.c:136[0m
+00:03:10.453135 [34mINFO[0m: cudaMalloc 0x7a1177a00000: size: 0x200000
	in [4mcpu-server-dev-mem.c:136[0m
+00:03:10.454757 [34mINFO[0m: cudaMalloc 0x7a1177c00000: size: 0x200000
	in [4mcpu-server-dev-mem.c:136[0m
+00:04:20.483912 [34mINFO[0m: cudaMalloc 0x7a1177a00000: size: 0x200000
	in [4mcpu-server-dev-mem.c:136[0m
+00:04:20.485626 [34mINFO[0m: cudaMalloc 0x7a1177c00000: size: 0x200000
	in [4mcpu-server-dev-mem.c:136[0m
+00:05:00.545509 [34mINFO[0m: cudaMalloc 0x7a1177a00000: size: 0x200000
	in [4mcpu-server-dev-mem.c:136[0m
+00:05:00.546823 [34mINFO[0m: cudaMalloc 0x7a1177c00000: size: 0x200000
	in [4mcpu-server-dev-mem.c:136[0m
+00:05:40.586390 [34mINFO[0m:	RPC deinit requested.
+00:05:40.586466 [34mINFO[0m: Client with xp_fd 66 being removed	in [4mcpu-server-client-mgr.c:306[0m
+00:05:40.586478 [34mINFO[0m: removing client ptr from 2082 
	in [4mcpu-server-client-mgr.c:233[0m
